Archive member included because of file (symbol)

c:/coide/stmgcc/bin/../lib/gcc/arm-none-eabi/4.8.3/../../../../arm-none-eabi/lib/armv7e-m/fpu\libm.a(lib_a-wf_sqrt.o)
                              ..\obj\MadwickAHRS.o (sqrtf)
c:/coide/stmgcc/bin/../lib/gcc/arm-none-eabi/4.8.3/../../../../arm-none-eabi/lib/armv7e-m/fpu\libm.a(lib_a-ef_sqrt.o)
                              c:/coide/stmgcc/bin/../lib/gcc/arm-none-eabi/4.8.3/../../../../arm-none-eabi/lib/armv7e-m/fpu\libm.a(lib_a-wf_sqrt.o) (__ieee754_sqrtf)
c:/coide/stmgcc/bin/../lib/gcc/arm-none-eabi/4.8.3/../../../../arm-none-eabi/lib/armv7e-m/fpu\libm.a(lib_a-s_lib_ver.o)
                              c:/coide/stmgcc/bin/../lib/gcc/arm-none-eabi/4.8.3/../../../../arm-none-eabi/lib/armv7e-m/fpu\libm.a(lib_a-wf_sqrt.o) (__fdlib_version)
c:/coide/stmgcc/bin/../lib/gcc/arm-none-eabi/4.8.3/../../../../arm-none-eabi/lib/armv7e-m/fpu\libm.a(lib_a-s_matherr.o)
                              c:/coide/stmgcc/bin/../lib/gcc/arm-none-eabi/4.8.3/../../../../arm-none-eabi/lib/armv7e-m/fpu\libm.a(lib_a-wf_sqrt.o) (matherr)
c:/coide/stmgcc/bin/../lib/gcc/arm-none-eabi/4.8.3/../../../../arm-none-eabi/lib/armv7e-m/fpu\libm.a(lib_a-sf_fpclassify.o)
                              c:/coide/stmgcc/bin/../lib/gcc/arm-none-eabi/4.8.3/../../../../arm-none-eabi/lib/armv7e-m/fpu\libm.a(lib_a-wf_sqrt.o) (__fpclassifyf)
c:/coide/stmgcc/bin/../lib/gcc/arm-none-eabi/4.8.3/armv7e-m/fpu\libgcc.a(_arm_addsubdf3.o)
                              c:/coide/stmgcc/bin/../lib/gcc/arm-none-eabi/4.8.3/../../../../arm-none-eabi/lib/armv7e-m/fpu\libm.a(lib_a-wf_sqrt.o) (__aeabi_f2d)
c:/coide/stmgcc/bin/../lib/gcc/arm-none-eabi/4.8.3/armv7e-m/fpu\libgcc.a(_arm_muldivdf3.o)
                              c:/coide/stmgcc/bin/../lib/gcc/arm-none-eabi/4.8.3/../../../../arm-none-eabi/lib/armv7e-m/fpu\libm.a(lib_a-wf_sqrt.o) (__aeabi_ddiv)
c:/coide/stmgcc/bin/../lib/gcc/arm-none-eabi/4.8.3/armv7e-m/fpu\libgcc.a(_arm_truncdfsf2.o)
                              c:/coide/stmgcc/bin/../lib/gcc/arm-none-eabi/4.8.3/../../../../arm-none-eabi/lib/armv7e-m/fpu\libm.a(lib_a-wf_sqrt.o) (__aeabi_d2f)
c:/coide/stmgcc/bin/../lib/gcc/arm-none-eabi/4.8.3/../../../../arm-none-eabi/lib/armv7e-m/fpu\libc.a(lib_a-errno.o)
                              c:/coide/stmgcc/bin/../lib/gcc/arm-none-eabi/4.8.3/../../../../arm-none-eabi/lib/armv7e-m/fpu\libm.a(lib_a-wf_sqrt.o) (__errno)
c:/coide/stmgcc/bin/../lib/gcc/arm-none-eabi/4.8.3/../../../../arm-none-eabi/lib/armv7e-m/fpu\libc.a(lib_a-exit.o)
                              c:/coide/stmgcc/bin/../lib/gcc/arm-none-eabi/4.8.3/../../../../arm-none-eabi/lib/armv7e-m/fpu/crt0.o (exit)
c:/coide/stmgcc/bin/../lib/gcc/arm-none-eabi/4.8.3/../../../../arm-none-eabi/lib/armv7e-m/fpu\libc.a(lib_a-impure.o)
                              c:/coide/stmgcc/bin/../lib/gcc/arm-none-eabi/4.8.3/../../../../arm-none-eabi/lib/armv7e-m/fpu\libc.a(lib_a-exit.o) (_global_impure_ptr)
c:/coide/stmgcc/bin/../lib/gcc/arm-none-eabi/4.8.3/../../../../arm-none-eabi/lib/armv7e-m/fpu\libc.a(lib_a-init.o)
                              c:/coide/stmgcc/bin/../lib/gcc/arm-none-eabi/4.8.3/../../../../arm-none-eabi/lib/armv7e-m/fpu/crt0.o (__libc_init_array)
c:/coide/stmgcc/bin/../lib/gcc/arm-none-eabi/4.8.3/../../../../arm-none-eabi/lib/armv7e-m/fpu\libc.a(lib_a-malloc.o)
                              ..\obj\cpp_impl.o (malloc)
c:/coide/stmgcc/bin/../lib/gcc/arm-none-eabi/4.8.3/../../../../arm-none-eabi/lib/armv7e-m/fpu\libc.a(lib_a-mallocr.o)
                              c:/coide/stmgcc/bin/../lib/gcc/arm-none-eabi/4.8.3/../../../../arm-none-eabi/lib/armv7e-m/fpu\libc.a(lib_a-malloc.o) (_malloc_r)
c:/coide/stmgcc/bin/../lib/gcc/arm-none-eabi/4.8.3/../../../../arm-none-eabi/lib/armv7e-m/fpu\libc.a(lib_a-memcmp.o)
                              ..\obj\tasks.o (memcmp)
c:/coide/stmgcc/bin/../lib/gcc/arm-none-eabi/4.8.3/../../../../arm-none-eabi/lib/armv7e-m/fpu\libc.a(lib_a-memcpy.o)
                              ..\obj\queue.o (memcpy)
c:/coide/stmgcc/bin/../lib/gcc/arm-none-eabi/4.8.3/../../../../arm-none-eabi/lib/armv7e-m/fpu\libc.a(lib_a-memset.o)
                              c:/coide/stmgcc/bin/../lib/gcc/arm-none-eabi/4.8.3/../../../../arm-none-eabi/lib/armv7e-m/fpu/crt0.o (memset)
c:/coide/stmgcc/bin/../lib/gcc/arm-none-eabi/4.8.3/../../../../arm-none-eabi/lib/armv7e-m/fpu\libc.a(lib_a-mlock.o)
                              c:/coide/stmgcc/bin/../lib/gcc/arm-none-eabi/4.8.3/../../../../arm-none-eabi/lib/armv7e-m/fpu\libc.a(lib_a-mallocr.o) (__malloc_lock)
c:/coide/stmgcc/bin/../lib/gcc/arm-none-eabi/4.8.3/../../../../arm-none-eabi/lib/armv7e-m/fpu\libc.a(lib_a-sbrkr.o)
                              c:/coide/stmgcc/bin/../lib/gcc/arm-none-eabi/4.8.3/../../../../arm-none-eabi/lib/armv7e-m/fpu\libc.a(lib_a-mallocr.o) (_sbrk_r)
c:/coide/stmgcc/bin/../lib/gcc/arm-none-eabi/4.8.3/../../../../arm-none-eabi/lib/armv7e-m/fpu\libc.a(lib_a-strcpy.o)
                              ..\obj\ff_support.o (strcpy)
[...]
Memory Configuration

Name             Origin             Length             Attributes
rom              0x08000000         0x00100000         xr
ram              0x20000000         0x00020000         xrw
ram1             0x10000000         0x00010000         xrw
*default*        0x00000000         0xffffffff

Linker script and memory map

LOAD c:/coide/stmgcc/bin/../lib/gcc/arm-none-eabi/4.8.3/armv7e-m/fpu/crti.o
LOAD c:/coide/stmgcc/bin/../lib/gcc/arm-none-eabi/4.8.3/armv7e-m/fpu/crtbegin.o
LOAD c:/coide/stmgcc/bin/../lib/gcc/arm-none-eabi/4.8.3/../../../../arm-none-eabi/lib/armv7e-m/fpu/crt0.o
                0x20020000                _eram = 0x20020000

.text           0x08000000     0xab40
 *(.isr_vector)
 .isr_vector    0x08000000      0x188 ..\obj\startup_stm32f4xx.o
                0x08000000                g_pfnVectors
 *(.text*)
 .text          0x08000188       0x54 c:/coide/stmgcc/bin/../lib/gcc/arm-none-eabi/4.8.3/armv7e-m/fpu/crtbegin.o
 .text._ZN11MadwickAHRSC2Ev
                0x080001dc       0x40 ..\obj\MadwickAHRS.o
                0x080001dc                MadwickAHRS::MadwickAHRS()
                0x080001dc                MadwickAHRS::MadwickAHRS()
 .text._ZN11MadwickAHRS18MadgwickAHRSupdateEffffffffff
                0x0800021c      0xe00 ..\obj\MadwickAHRS.o
                0x0800021c                MadwickAHRS::MadgwickAHRSupdate(float, float, float, float, float, float, float, float, float, float)
 .text._ZN11MadwickAHRS21MadgwickAHRSupdateIMUEfffffff
                0x0800101c      0x63c ..\obj\MadwickAHRS.o
                0x0800101c                MadwickAHRS::MadgwickAHRSupdateIMU(float, float, float, float, float, float, float)
 .text._Z7invSqrtf
                0x08001658       0x78 ..\obj\MadwickAHRS.o
                0x08001658                invSqrt(float)
 .text.SDIO_Init
                0x080016d0       0x5c ..\obj\stm32f4xx_sdio.o
                0x080016d0                SDIO_Init
 .text.SDIO_StructInit
                0x0800172c       0x38 ..\obj\stm32f4xx_sdio.o
                0x0800172c                SDIO_StructInit
 .text.SDIO_ClockCmd
                0x08001764       0x20 ..\obj\stm32f4xx_sdio.o
                0x08001764                SDIO_ClockCmd
 .text.SDIO_SetPowerState
                0x08001784       0x1c ..\obj\stm32f4xx_sdio.o
                0x08001784                SDIO_SetPowerState
 .text.SDIO_GetPowerState
                0x080017a0       0x1c ..\obj\stm32f4xx_sdio.o
                0x080017a0                SDIO_GetPowerState
 .text.SDIO_SendCommand
                0x080017bc       0x58 ..\obj\stm32f4xx_sdio.o
                0x080017bc                SDIO_SendCommand
 .text.SDIO_GetCommandResponse
                0x08001814       0x18 ..\obj\stm32f4xx_sdio.o
                0x08001814                SDIO_GetCommandResponse
 .text.SDIO_GetResponse
                0x0800182c       0x28 ..\obj\stm32f4xx_sdio.o
                0x0800182c                SDIO_GetResponse
 .text.SDIO_DataConfig
                0x08001854       0x5c ..\obj\stm32f4xx_sdio.o
                0x08001854                SDIO_DataConfig
 .text.SDIO_ReadData
                0x080018b0       0x18 ..\obj\stm32f4xx_sdio.o
                0x080018b0                SDIO_ReadData
 .text.SDIO_WriteData
                0x080018c8       0x20 ..\obj\stm32f4xx_sdio.o
                0x080018c8                SDIO_WriteData
 .text.SDIO_GetFlagStatus
                0x080018e8       0x34 ..\obj\stm32f4xx_sdio.o
                0x080018e8                SDIO_GetFlagStatus
 .text.SDIO_ClearFlag
                0x0800191c       0x1c ..\obj\stm32f4xx_sdio.o
                0x0800191c                SDIO_ClearFlag
 .text.SD_LowLevel_Init
                0x08001938       0x94 ..\obj\sdio_sd.o
                0x08001938                SD_LowLevel_Init
 .text.SD_Init  0x080019cc       0xdc ..\obj\sdio_sd.o
                0x080019cc                SD_Init
 .text.SD_Detect
                0x08001aa8       0x2c ..\obj\sdio_sd.o
                0x08001aa8                SD_Detect
 .text.SD_PowerON
                0x08001ad4      0x234 ..\obj\sdio_sd.o
                0x08001ad4                SD_PowerON
 .text.SD_InitializeCards
                0x08001d08      0x18c ..\obj\sdio_sd.o
                0x08001d08                SD_InitializeCards
 .text.SD_GetCardInfo
                0x08001e94      0x5ac ..\obj\sdio_sd.o
                0x08001e94                SD_GetCardInfo
 .text.SD_SelectDeselect
                0x08002440       0x6c ..\obj\sdio_sd.o
                0x08002440                SD_SelectDeselect
 .text.SD_ReadBlock
                0x080024ac      0x20c ..\obj\sdio_sd.o
                0x080024ac                SD_ReadBlock
 .text.SD_WriteBlock
                0x080026b8      0x238 ..\obj\sdio_sd.o
                0x080026b8                SD_WriteBlock
 .text.CmdError
                0x080028f0       0x4c ..\obj\sdio_sd.o
 .text.CmdResp7Error
                0x0800293c       0x78 ..\obj\sdio_sd.o
 .text.CmdResp1Error
                0x080029b4      0x1a0 ..\obj\sdio_sd.o
 .text.CmdResp3Error
                0x08002b54       0x50 ..\obj\sdio_sd.o
 .text.CmdResp2Error
                0x08002ba4       0x68 ..\obj\sdio_sd.o
 .text.CmdResp6Error
                0x08002c0c       0xcc ..\obj\sdio_sd.o
 .text.SDEnWideBus
                0x08002cd8      0x168 ..\obj\sdio_sd.o
 .text.FindSCR  0x08002e40      0x214 ..\obj\sdio_sd.o
 .text._Znwj    0x08003054       0x18 ..\obj\cpp_impl.o
                0x08003054                operator new(unsigned int)
 .text._ZdlPv   0x0800306c       0x14 ..\obj\cpp_impl.o
                0x0800306c                operator delete(void*)
 .text.disk_initialize
                0x08003080       0x30 ..\obj\diskio.o
                0x08003080                disk_initialize
 .text.disk_status
                0x080030b0       0x2c ..\obj\diskio.o
                0x080030b0                disk_status
 .text.disk_read
                0x080030dc       0x50 ..\obj\diskio.o
                0x080030dc                disk_read
 .text.disk_write
                0x0800312c       0x50 ..\obj\diskio.o
                0x0800312c                disk_write
 .text.disk_ioctl
                0x0800317c       0x60 ..\obj\diskio.o
                0x0800317c                disk_ioctl
 .text.Default_Reset_Handler
                0x080031dc       0x6c ..\obj\startup_stm32f4xx.o
                0x080031dc                Default_Reset_Handler
                0x080031dc                Reset_Handler
 .text.Default_Handler
                0x08003248        0x8 ..\obj\startup_stm32f4xx.o
                0x08003248                RTC_Alarm_IRQHandler
                0x08003248                HASH_RNG_IRQHandler
                0x08003248                EXTI2_IRQHandler
                0x08003248                TIM8_CC_IRQHandler
                0x08003248                TIM1_CC_IRQHandler
                0x08003248                DMA2_Stream5_IRQHandler
                0x08003248                DMA1_Stream5_IRQHandler
                0x08003248                PVD_IRQHandler
                0x08003248                TAMP_STAMP_IRQHandler
                0x08003248                CAN2_RX1_IRQHandler
                0x08003248                EXTI3_IRQHandler
                0x08003248                TIM8_TRG_COM_TIM14_IRQHandler
                0x08003248                TIM1_UP_TIM10_IRQHandler
                0x08003248                TIM8_UP_TIM13_IRQHandler
                0x08003248                I2C3_ER_IRQHandler
                0x08003248                EXTI0_IRQHandler
                0x08003248                I2C2_EV_IRQHandler
                0x08003248                DMA1_Stream2_IRQHandler
                0x08003248                CAN1_RX0_IRQHandler
                0x08003248                OTG_HS_WKUP_IRQHandler
                0x08003248                CAN2_SCE_IRQHandler
                0x08003248                DMA2_Stream2_IRQHandler
                0x08003248                SPI1_IRQHandler
                0x08003248                TIM6_DAC_IRQHandler
                0x08003248                TIM1_BRK_TIM9_IRQHandler
                0x08003248                DCMI_IRQHandler
                0x08003248                CAN2_RX0_IRQHandler
                0x08003248                DMA2_Stream3_IRQHandler
                0x08003248                USART6_IRQHandler
                0x08003248                USART3_IRQHandler
                0x08003248                CRYP_IRQHandler
                0x08003248                CAN1_RX1_IRQHandler
                0x08003248                UART5_IRQHandler
                0x08003248                DMA2_Stream0_IRQHandler
                0x08003248                TIM4_IRQHandler
                0x08003248                I2C1_EV_IRQHandler
                0x08003248                DMA1_Stream6_IRQHandler
                0x08003248                DMA1_Stream1_IRQHandler
                0x08003248                UART4_IRQHandler
                0x08003248                TIM3_IRQHandler
                0x08003248                RCC_IRQHandler
                0x08003248                TIM8_BRK_TIM12_IRQHandler
                0x08003248                EXTI15_10_IRQHandler
                0x08003248                ADC_IRQHandler
                0x08003248                DMA1_Stream7_IRQHandler
                0x08003248                TIM7_IRQHandler
                0x08003248                CAN2_TX_IRQHandler
                0x08003248                TIM5_IRQHandler
                0x08003248                DMA2_Stream7_IRQHandler
                0x08003248                I2C3_EV_IRQHandler
                0x08003248                EXTI9_5_IRQHandler
                0x08003248                RTC_WKUP_IRQHandler
                0x08003248                ETH_WKUP_IRQHandler
                0x08003248                SPI2_IRQHandler
                0x08003248                OTG_HS_EP1_IN_IRQHandler
                0x08003248                DMA1_Stream0_IRQHandler
                0x08003248                CAN1_TX_IRQHandler
                0x08003248                EXTI4_IRQHandler
                0x08003248                FSMC_IRQHandler
                0x08003248                ETH_IRQHandler
                0x08003248                OTG_HS_EP1_OUT_IRQHandler
                0x08003248                WWDG_IRQHandler
                0x08003248                TIM2_IRQHandler
                0x08003248                OTG_FS_WKUP_IRQHandler
                0x08003248                TIM1_TRG_COM_TIM11_IRQHandler
                0x08003248                OTG_HS_IRQHandler
                0x08003248                EXTI1_IRQHandler
                0x08003248                USART2_IRQHandler
                0x08003248                I2C2_ER_IRQHandler
                0x08003248                DMA2_Stream1_IRQHandler
                0x08003248                CAN1_SCE_IRQHandler
                0x08003248                FLASH_IRQHandler
                0x08003248                DMA2_Stream4_IRQHandler
                0x08003248                USART1_IRQHandler
                0x08003248                OTG_FS_IRQHandler
                0x08003248                SPI3_IRQHandler
                0x08003248                DMA1_Stream4_IRQHandler
                0x08003248                I2C1_ER_IRQHandler
                0x08003248                DMA2_Stream6_IRQHandler
                0x08003248                DMA1_Stream3_IRQHandler
 .text._ZN7LedInfoC2Ev
                0x08003250       0x44 ..\obj\main.o
                0x08003250                LedInfo::LedInfo()
                0x08003250                LedInfo::LedInfo()
 .text._ZN7LedInfo1REb
                0x08003294       0x30 ..\obj\main.o
                0x08003294                LedInfo::R(bool)
 .text._ZN7LedInfo1GEb
                0x080032c4       0x30 ..\obj\main.o
                0x080032c4                LedInfo::G(bool)
 .text._ZN7LedInfo1BEb
                0x080032f4       0x30 ..\obj\main.o
                0x080032f4                LedInfo::B(bool)
 .text._ZN7LedInfo1YEb
                0x08003324       0x30 ..\obj\main.o
                0x08003324                LedInfo::Y(bool)
 .text._ZN7LedInfo4RGBYEbbbb
                0x08003354       0x3c ..\obj\main.o
                0x08003354                LedInfo::RGBY(bool, bool, bool, bool)
 .text._ZN7LedInfo3OffEv
                0x08003390       0x20 ..\obj\main.o
                0x08003390                LedInfo::Off()
 .text._ZN4PortC2EP12GPIO_TypeDeft
                0x080033b0       0x4c ..\obj\main.o
                0x080033b0                Port::Port(GPIO_TypeDef*, unsigned short)
                0x080033b0                Port::Port(GPIO_TypeDef*, unsigned short)
 .text._ZN4Port4HighEv
                0x080033fc       0x20 ..\obj\main.o
                0x080033fc                Port::High()
 .text._ZN6ButtonC2EP12GPIO_TypeDeft
                0x0800341c       0x4c ..\obj\main.o
                0x0800341c                Button::Button(GPIO_TypeDef*, unsigned short)
                0x0800341c                Button::Button(GPIO_TypeDef*, unsigned short)
 .text._ZN6Button8GetStateEv
                0x08003468       0x58 ..\obj\main.o
                0x08003468                Button::GetState()
 .text._ZN7Vector3C2Ev
                0x080034c0       0x30 ..\obj\main.o
                0x080034c0                Vector3::Vector3()
                0x080034c0                Vector3::Vector3()
 .text._Z16vFreeRTOSInitAllv
                0x080034f0       0x74 ..\obj\main.o
                0x080034f0                vFreeRTOSInitAll()
 .text._Z15vTaskRFRecieverPv
                0x08003564       0x48 ..\obj\main.o
                0x08003564                vTaskRFReciever(void*)
 .text._ZN7IMUDataC2Ev
                0x080035ac       0x1c ..\obj\main.o
                0x080035ac                IMUData::IMUData()
                0x080035ac                IMUData::IMUData()
 .text._Z17vTaskIMUProcessorPv
                0x080035c8       0xf8 ..\obj\main.o
                0x080035c8                vTaskIMUProcessor(void*)
 .text._Z14vTaskCommanderPv
                0x080036c0      0x100 ..\obj\main.o
                0x080036c0                vTaskCommander(void*)
 .text._Z15vTaskDataLoggerPv
                0x080037c0       0x34 ..\obj\main.o
                0x080037c0                vTaskDataLogger(void*)
 .text.main     0x080037f4      0x1bc ..\obj\main.o
                0x080037f4                main
 .text.RCC_AHB1PeriphClockCmd
                0x080039b0       0x3c ..\obj\stm32f4xx_rcc.o
                0x080039b0                RCC_AHB1PeriphClockCmd
 .text.RCC_APB1PeriphClockCmd
                0x080039ec       0x3c ..\obj\stm32f4xx_rcc.o
                0x080039ec                RCC_APB1PeriphClockCmd
 .text.RCC_APB2PeriphClockCmd
                0x08003a28       0x3c ..\obj\stm32f4xx_rcc.o
                0x08003a28                RCC_APB2PeriphClockCmd
 .text.xTimerCreateTimerTask
                0x08003a64       0x58 ..\obj\timers.o
                0x08003a64                xTimerCreateTimerTask
 .text.xTimerGenericCommand
                0x08003abc       0x8c ..\obj\timers.o
                0x08003abc                xTimerGenericCommand
 .text.prvProcessExpiredTimer
                0x08003b48       0x70 ..\obj\timers.o
 .text.prvTimerTask
                0x08003bb8       0x24 ..\obj\timers.o
 .text.prvProcessTimerOrBlockTask
                0x08003bdc       0x6c ..\obj\timers.o
 .text.prvGetNextExpireTime
                0x08003c48       0x48 ..\obj\timers.o
 .text.prvSampleTimeNow
                0x08003c90       0x40 ..\obj\timers.o
 .text.prvInsertTimerInActiveList
                0x08003cd0       0x84 ..\obj\timers.o
 .text.prvProcessReceivedCommands
                0x08003d54      0x110 ..\obj\timers.o
 .text.prvSwitchTimerLists
                0x08003e64       0xb0 ..\obj\timers.o
 .text.prvCheckForValidListAndQueue
                0x08003f14       0x78 ..\obj\timers.o
 .text.xTaskGenericCreate
                0x08003f8c      0x168 ..\obj\tasks.o
                0x08003f8c                xTaskGenericCreate
 .text.vTaskDelay
                0x080040f4       0x64 ..\obj\tasks.o
                0x080040f4                vTaskDelay
 .text.vTaskStartScheduler
                0x08004158       0x70 ..\obj\tasks.o
                0x08004158                vTaskStartScheduler
 .text.vTaskSuspendAll
                0x080041c8       0x1c ..\obj\tasks.o
                0x080041c8                vTaskSuspendAll
 .text.xTaskResumeAll
                0x080041e4      0x10c ..\obj\tasks.o
                0x080041e4                xTaskResumeAll
 .text.xTaskGetTickCount
                0x080042f0       0x24 ..\obj\tasks.o
                0x080042f0                xTaskGetTickCount
 .text.xTaskIncrementTick
                0x08004314      0x180 ..\obj\tasks.o
                0x08004314                xTaskIncrementTick
 .text.vTaskSwitchContext
                0x08004494       0xf4 ..\obj\tasks.o
                0x08004494                vTaskSwitchContext
 .text.vTaskPlaceOnEventList
                0x08004588       0x6c ..\obj\tasks.o
                0x08004588                vTaskPlaceOnEventList
 .text.vTaskPlaceOnEventListRestricted
                0x080045f4       0x50 ..\obj\tasks.o
                0x080045f4                vTaskPlaceOnEventListRestricted
 .text.xTaskRemoveFromEventList
                0x08004644       0xb8 ..\obj\tasks.o
                0x08004644                xTaskRemoveFromEventList
 .text.vTaskSetTimeOutState
                0x080046fc       0x34 ..\obj\tasks.o
                0x080046fc                vTaskSetTimeOutState
 .text.xTaskCheckForTimeOut
                0x08004730       0xa0 ..\obj\tasks.o
                0x08004730                xTaskCheckForTimeOut
 .text.vTaskMissedYield
                0x080047d0       0x18 ..\obj\tasks.o
                0x080047d0                vTaskMissedYield
 .text.prvIdleTask
                0x080047e8       0x24 ..\obj\tasks.o
 .text.prvInitialiseTCBVariables
                0x0800480c       0x90 ..\obj\tasks.o
 .text.prvInitialiseTaskLists
                0x0800489c       0x74 ..\obj\tasks.o
 .text.prvCheckTasksWaitingTermination
                0x08004910        0xc ..\obj\tasks.o
 .text.prvAddCurrentTaskToDelayedList
                0x0800491c       0x6c ..\obj\tasks.o
 .text.prvAllocateTCBAndStack
                0x08004988       0x64 ..\obj\tasks.o
 .text.prvResetNextTaskUnblockTime
                0x080049ec       0x48 ..\obj\tasks.o
 .text.xTaskGetCurrentTaskHandle
                0x08004a34       0x20 ..\obj\tasks.o
                0x08004a34                xTaskGetCurrentTaskHandle
 .text.xTaskGetSchedulerState
                0x08004a54       0x3c ..\obj\tasks.o
                0x08004a54                xTaskGetSchedulerState
 .text.vTaskPriorityInherit
                0x08004a90       0xbc ..\obj\tasks.o
                0x08004a90                vTaskPriorityInherit
 .text.vTaskPriorityDisinherit
                0x08004b4c       0x84 ..\obj\tasks.o
                0x08004b4c                vTaskPriorityDisinherit
 .text.NMI_Handler
                0x08004bd0        0x8 ..\obj\stm32f4_int.o
                0x08004bd0                NMI_Handler
 .text.HardFault_Handler
                0x08004bd8        0x8 ..\obj\stm32f4_int.o
                0x08004bd8                HardFault_Handler
 .text.MemManage_Handler
                0x08004be0        0x8 ..\obj\stm32f4_int.o
                0x08004be0                MemManage_Handler
 .text.BusFault_Handler
                0x08004be8        0x8 ..\obj\stm32f4_int.o
                0x08004be8                BusFault_Handler
 .text.UsageFault_Handler
                0x08004bf0        0x8 ..\obj\stm32f4_int.o
                0x08004bf0                UsageFault_Handler
 .text.DebugMon_Handler
                0x08004bf8        0x8 ..\obj\stm32f4_int.o
                0x08004bf8                DebugMon_Handler
 .text.FPU_IRQHandler
                0x08004c00        0x8 ..\obj\stm32f4_int.o
                0x08004c00                FPU_IRQHandler
 .text.SDIO_IRQHandler
                0x08004c08        0x8 ..\obj\stm32f4_int.o
                0x08004c08                SDIO_IRQHandler
 .text.GPIO_Init
                0x08004c10      0x11c ..\obj\stm32f4xx_gpio.o
                0x08004c10                GPIO_Init
 .text.GPIO_StructInit
                0x08004d2c       0x34 ..\obj\stm32f4xx_gpio.o
                0x08004d2c                GPIO_StructInit
 .text.GPIO_ReadInputDataBit
                0x08004d60       0x34 ..\obj\stm32f4xx_gpio.o
                0x08004d60                GPIO_ReadInputDataBit
 .text.GPIO_SetBits
                0x08004d94       0x1c ..\obj\stm32f4xx_gpio.o
                0x08004d94                GPIO_SetBits
 .text.GPIO_ResetBits
                0x08004db0       0x1c ..\obj\stm32f4xx_gpio.o
                0x08004db0                GPIO_ResetBits
 .text.GPIO_WriteBit
                0x08004dcc       0x30 ..\obj\stm32f4xx_gpio.o
                0x08004dcc                GPIO_WriteBit
 .text.GPIO_PinAFConfig
                0x08004dfc       0x8c ..\obj\stm32f4xx_gpio.o
                0x08004dfc                GPIO_PinAFConfig
 .text.vListInitialise
                0x08004e88       0x40 ..\obj\list.o
                0x08004e88                vListInitialise
 .text.vListInitialiseItem
                0x08004ec8       0x18 ..\obj\list.o
                0x08004ec8                vListInitialiseItem
 .text.vListInsertEnd
                0x08004ee0       0x48 ..\obj\list.o
                0x08004ee0                vListInsertEnd
 .text.vListInsert
                0x08004f28       0x70 ..\obj\list.o
                0x08004f28                vListInsert
 .text.uxListRemove
                0x08004f98       0x54 ..\obj\list.o
                0x08004f98                uxListRemove
 .text.SystemInit
                0x08004fec       0x68 ..\obj\system_stm32f4xx.o
                0x08004fec                SystemInit
 .text.SetSysClock
                0x08005054       0xf4 ..\obj\system_stm32f4xx.o
 .text._sbrk    0x08005148       0x40 ..\obj\syscalls.o
                0x08005148                _sbrk
 .text._ZN6MotorsC2Ev
                0x08005188      0x138 ..\obj\Motors.o
                0x08005188                Motors::Motors()
                0x08005188                Motors::Motors()
 .text._ZN6Motors8SetRatioEtttt
                0x080052c0       0xcc ..\obj\Motors.o
                0x080052c0                Motors::SetRatio(unsigned short, unsigned short, unsigned short, unsigned short)
 .text.xQueueGenericReset
                0x0800538c       0xb0 ..\obj\queue.o
                0x0800538c                xQueueGenericReset
 .text.xQueueGenericCreate
                0x0800543c       0x8c ..\obj\queue.o
                0x0800543c                xQueueGenericCreate
 .text.xQueueGenericSend
                0x080054c8      0x19c ..\obj\queue.o
                0x080054c8                xQueueGenericSend
 .text.xQueueGenericSendFromISR
                0x08005664       0xf8 ..\obj\queue.o
                0x08005664                xQueueGenericSendFromISR
 .text.xQueueGenericReceive
                0x0800575c      0x1bc ..\obj\queue.o
                0x0800575c                xQueueGenericReceive
 .text.prvCopyDataToQueue
                0x08005918       0xd0 ..\obj\queue.o
 .text.prvCopyDataFromQueue
                0x080059e8       0x4c ..\obj\queue.o
 .text.prvUnlockQueue
                0x08005a34       0xb4 ..\obj\queue.o
 .text.prvIsQueueEmpty
                0x08005ae8       0x2c ..\obj\queue.o
 .text.prvIsQueueFull
                0x08005b14       0x30 ..\obj\queue.o
 .text.vQueueAddToRegistry
                0x08005b44       0x50 ..\obj\queue.o
                0x08005b44                vQueueAddToRegistry
 .text.vQueueWaitForMessageRestricted
                0x08005b94       0x58 ..\obj\queue.o
                0x08005b94                vQueueWaitForMessageRestricted
 .text.xQueueCreateSet
                0x08005bec       0x20 ..\obj\queue.o
                0x08005bec                xQueueCreateSet
 .text.xQueueAddToSet
                0x08005c0c       0x44 ..\obj\queue.o
                0x08005c0c                xQueueAddToSet
 .text.xQueueSelectFromSet
                0x08005c50       0x28 ..\obj\queue.o
                0x08005c50                xQueueSelectFromSet
 .text.prvNotifyQueueSetContainer
                0x08005c78       0x70 ..\obj\queue.o
 .text.pxPortInitialiseStack
                0x08005ce8       0x64 ..\obj\port.o
                0x08005ce8                pxPortInitialiseStack
 .text.prvTaskExitError
                0x08005d4c       0x20 ..\obj\port.o
 .text.SVC_Handler
                0x08005d6c       0x20 ..\obj\port.o
                0x08005d6c                SVC_Handler
 .text.prvPortStartFirstTask
                0x08005d8c       0x1c ..\obj\port.o
 .text.xPortStartScheduler
                0x08005da8       0xd0 ..\obj\port.o
                0x08005da8                xPortStartScheduler
 .text.vPortYield
                0x08005e78       0x20 ..\obj\port.o
                0x08005e78                vPortYield
 .text.vPortEnterCritical
                0x08005e98       0x20 ..\obj\port.o
                0x08005e98                vPortEnterCritical
 .text.vPortExitCritical
                0x08005eb8       0x30 ..\obj\port.o
                0x08005eb8                vPortExitCritical
 .text.ulPortSetInterruptMask
                0x08005ee8       0x14 ..\obj\port.o
                0x08005ee8                ulPortSetInterruptMask
 .text.vPortClearInterruptMask
                0x08005efc        0x8 ..\obj\port.o
                0x08005efc                vPortClearInterruptMask
 .text.PendSV_Handler
                0x08005f04       0x58 ..\obj\port.o
                0x08005f04                PendSV_Handler
 .text.SysTick_Handler
                0x08005f5c       0x28 ..\obj\port.o
                0x08005f5c                SysTick_Handler
 .text.vPortSetupTimerInterrupt
                0x08005f84       0x34 ..\obj\port.o
                0x08005f84                vPortSetupTimerInterrupt
 .text.vPortEnableVFP
                0x08005fb8       0x14 ..\obj\port.o
 .text.vPortValidateInterruptPriority
                0x08005fcc       0x58 ..\obj\port.o
                0x08005fcc                vPortValidateInterruptPriority
 .text.mem_cpy  0x08006024       0x5c ..\obj\ff.o
 .text.mem_set  0x08006080       0x34 ..\obj\ff.o
 .text.mem_cmp  0x080060b4       0x50 ..\obj\ff.o
 .text.chk_chr  0x08006104       0x38 ..\obj\ff.o
 .text.sync_window
                0x0800613c       0x88 ..\obj\ff.o
 .text.move_window
                0x080061c4       0x54 ..\obj\ff.o
 .text.sync_fs  0x08006218       0xc4 ..\obj\ff.o
 .text.clust2sect
                0x080062dc       0x3c ..\obj\ff.o
                0x080062dc                clust2sect
 .text.get_fat  0x08006318      0x12c ..\obj\ff.o
                0x08006318                get_fat
 .text.put_fat  0x08006444      0x1a4 ..\obj\ff.o
                0x08006444                put_fat
 .text.remove_chain
                0x080065e8       0xa4 ..\obj\ff.o
 .text.create_chain
                0x0800668c      0x12c ..\obj\ff.o
 .text.clmt_clust
                0x080067b8       0x68 ..\obj\ff.o
 .text.dir_sdi  0x08006820      0x100 ..\obj\ff.o
 .text.dir_next
                0x08006920      0x1a8 ..\obj\ff.o
 .text.dir_alloc
                0x08006ac8       0x8c ..\obj\ff.o
 .text.ld_clust
                0x08006b54       0x38 ..\obj\ff.o
 .text.st_clust
                0x08006b8c       0x2c ..\obj\ff.o
 .text.dir_find
                0x08006bb8       0x94 ..\obj\ff.o
 .text.dir_register
                0x08006c4c       0x68 ..\obj\ff.o
 .text.create_name
                0x08006cb4      0x2b0 ..\obj\ff.o
 .text.follow_path
                0x08006f64      0x104 ..\obj\ff.o
 .text.get_ldnumber
                0x08007068       0x88 ..\obj\ff.o
 .text.check_fs
                0x080070f0       0x80 ..\obj\ff.o
 .text.find_volume
                0x08007170      0x408 ..\obj\ff.o
 .text.validate
                0x08007578       0x5c ..\obj\ff.o
 .text.f_mount  0x080075d4       0x88 ..\obj\ff.o
                0x080075d4                f_mount
 .text.f_open   0x0800765c      0x228 ..\obj\ff.o
                0x0800765c                f_open
 .text.f_write  0x08007884      0x2e8 ..\obj\ff.o
                0x08007884                f_write
 .text.f_sync   0x08007b6c       0xb0 ..\obj\ff.o
                0x08007b6c                f_sync
 .text.f_close  0x08007c1c       0x38 ..\obj\ff.o
                0x08007c1c                f_close
 .text.putc_bfd
                0x08007c54       0x68 ..\obj\ff.o
 .text.f_printf
                0x08007cbc      0x42c ..\obj\ff.o
                0x08007cbc                f_printf
 .text.SPI_Init
                0x080080e8       0x88 ..\obj\stm32f4xx_spi.o
                0x080080e8                SPI_Init
 .text.SPI_StructInit
                0x08008170       0x48 ..\obj\stm32f4xx_spi.o
                0x08008170                SPI_StructInit
 .text.SPI_Cmd  0x080081b8       0x40 ..\obj\stm32f4xx_spi.o
                0x080081b8                SPI_Cmd
 .text.SPI_I2S_ReceiveData
                0x080081f8       0x1c ..\obj\stm32f4xx_spi.o
                0x080081f8                SPI_I2S_ReceiveData
 .text.SPI_I2S_SendData
                0x08008214       0x1c ..\obj\stm32f4xx_spi.o
                0x08008214                SPI_I2S_SendData
 .text.SPI_I2S_GetFlagStatus
                0x08008230       0x38 ..\obj\stm32f4xx_spi.o
                0x08008230                SPI_I2S_GetFlagStatus
 .text._ZN4Port3LowEv
                0x08008268       0x20 ..\obj\Nrf24.o
                0x08008268                Port::Low()
 .text._ZN5Nrf244CE_LEv
                0x08008288       0x18 ..\obj\Nrf24.o
                0x08008288                Nrf24::CE_L()
 .text._ZN5Nrf244CE_HEv
                0x080082a0       0x18 ..\obj\Nrf24.o
                0x080082a0                Nrf24::CE_H()
 .text._ZN5Nrf245CSN_LEv
                0x080082b8       0x18 ..\obj\Nrf24.o
                0x080082b8                Nrf24::CSN_L()
 .text._ZN5Nrf245CSN_HEv
                0x080082d0       0x18 ..\obj\Nrf24.o
                0x080082d0                Nrf24::CSN_H()
 .text._ZN5Nrf24C2EP12SpiInterfaceP4PortS3_
                0x080082e8       0x38 ..\obj\Nrf24.o
                0x080082e8                Nrf24::Nrf24(SpiInterface*, Port*, Port*)
                0x080082e8                Nrf24::Nrf24(SpiInterface*, Port*, Port*)
 .text._ZN5Nrf2412SetRxAddressEPh
                0x08008320       0x20 ..\obj\Nrf24.o
                0x08008320                Nrf24::SetRxAddress(unsigned char*)
 .text._ZN5Nrf245CheckEv
                0x08008340       0x78 ..\obj\Nrf24.o
                0x08008340                Nrf24::Check()
 .text._ZN5Nrf246RXModeEhh
                0x080083b8       0x84 ..\obj\Nrf24.o
                0x080083b8                Nrf24::RXMode(unsigned char, unsigned char)
 .text._ZN5Nrf2411IsDataReadyEv
                0x0800843c       0x48 ..\obj\Nrf24.o
                0x0800843c                Nrf24::IsDataReady()
 .text._ZN5Nrf248RXPacketEPhh
                0x08008484       0x94 ..\obj\Nrf24.o
                0x08008484                Nrf24::RXPacket(unsigned char*, unsigned char)
 .text._ZN5Nrf2413ClearIRQFlagsEv
                0x08008518       0x2c ..\obj\Nrf24.o
                0x08008518                Nrf24::ClearIRQFlags()
 .text._ZN5Nrf245RWRegEhh
                0x08008544       0x48 ..\obj\Nrf24.o
                0x08008544                Nrf24::RWReg(unsigned char, unsigned char)
 .text._ZN5Nrf247ReadRegEh
                0x0800858c       0x40 ..\obj\Nrf24.o
                0x0800858c                Nrf24::ReadReg(unsigned char)
 .text._ZN5Nrf247ReadBufEhPhh
                0x080085cc       0x64 ..\obj\Nrf24.o
                0x080085cc                Nrf24::ReadBuf(unsigned char, unsigned char*, unsigned char)
 .text._ZN5Nrf248WriteBufEhPhh
                0x08008630       0x60 ..\obj\Nrf24.o
                0x08008630                Nrf24::WriteBuf(unsigned char, unsigned char*, unsigned char)
 .text._ZN6LoggerC2EP7LedInfoP6Button
                0x08008690      0x160 ..\obj\logger.o
                0x08008690                Logger::Logger(LedInfo*, Button*)
                0x08008690                Logger::Logger(LedInfo*, Button*)
 .text._Z4ftoif
                0x080087f0       0x34 ..\obj\logger.o
                0x080087f0                ftoi(float)
 .text._ZN6Logger3LogERK7LogData
                0x08008824      0x124 ..\obj\logger.o
                0x08008824                Logger::Log(LogData const&)
 .text.get_fattime
                0x08008948       0x10 ..\obj\ff_support.o
                0x08008948                get_fattime
 .text._ZN12SpiInterfaceC2EP11SPI_TypeDefttt
                0x08008958      0x138 ..\obj\SpiInterface.o
                0x08008958                SpiInterface::SpiInterface(SPI_TypeDef*, unsigned short, unsigned short, unsigned short)
                0x08008958                SpiInterface::SpiInterface(SPI_TypeDef*, unsigned short, unsigned short, unsigned short)
 .text._ZN12SpiInterface9ReadWriteEh
                0x08008a90       0x70 ..\obj\SpiInterface.o
                0x08008a90                SpiInterface::ReadWrite(unsigned char)
 .text.pvPortMalloc
                0x08008b00      0x124 ..\obj\heap_2.o
                0x08008b00                pvPortMalloc
 .text.vPortFree
                0x08008c24       0x70 ..\obj\heap_2.o
                0x08008c24                vPortFree
 .text.prvHeapInit
                0x08008c94       0x50 ..\obj\heap_2.o
 .text._ZN9RadioLinkC2EP5Nrf24P7LedInfo
                0x08008ce4       0x98 ..\obj\RadioLink.o
                0x08008ce4                RadioLink::RadioLink(Nrf24*, LedInfo*)
                0x08008ce4                RadioLink::RadioLink(Nrf24*, LedInfo*)
 .text._ZN9RadioLink6UpdateER13RadioLinkData
                0x08008d7c       0xc0 ..\obj\RadioLink.o
                0x08008d7c                RadioLink::Update(RadioLinkData&)
 .text.TIM_TimeBaseInit
                0x08008e3c       0xd4 ..\obj\stm32f4xx_tim.o
                0x08008e3c                TIM_TimeBaseInit
 .text.TIM_TimeBaseStructInit
                0x08008f10       0x34 ..\obj\stm32f4xx_tim.o
                0x08008f10                TIM_TimeBaseStructInit
 .text.TIM_Cmd  0x08008f44       0x40 ..\obj\stm32f4xx_tim.o
                0x08008f44                TIM_Cmd
 .text.TIM_OC1Init
                0x08008f84       0xf4 ..\obj\stm32f4xx_tim.o
                0x08008f84                TIM_OC1Init
 .text.TIM_OC2Init
                0x08009078      0x110 ..\obj\stm32f4xx_tim.o
                0x08009078                TIM_OC2Init
 .text.TIM_OC3Init
                0x08009188      0x10c ..\obj\stm32f4xx_tim.o
                0x08009188                TIM_OC3Init
 .text.TIM_OC4Init
                0x08009294       0xcc ..\obj\stm32f4xx_tim.o
                0x08009294                TIM_OC4Init
 .text.TIM_OCStructInit
                0x08009360       0x44 ..\obj\stm32f4xx_tim.o
                0x08009360                TIM_OCStructInit
 .text.TIM_SetCompare1
                0x080093a4       0x1c ..\obj\stm32f4xx_tim.o
                0x080093a4                TIM_SetCompare1
 .text.TIM_SetCompare2
                0x080093c0       0x1c ..\obj\stm32f4xx_tim.o
                0x080093c0                TIM_SetCompare2
 .text.TIM_SetCompare3
                0x080093dc       0x1c ..\obj\stm32f4xx_tim.o
                0x080093dc                TIM_SetCompare3
 .text.TIM_SetCompare4
                0x080093f8       0x1c ..\obj\stm32f4xx_tim.o
                0x080093f8                TIM_SetCompare4
 .text.TIM_OC1PreloadConfig
                0x08009414       0x38 ..\obj\stm32f4xx_tim.o
                0x08009414                TIM_OC1PreloadConfig
 .text.TIM_OC2PreloadConfig
                0x0800944c       0x3c ..\obj\stm32f4xx_tim.o
                0x0800944c                TIM_OC2PreloadConfig
 .text.TIM_OC3PreloadConfig
                0x08009488       0x38 ..\obj\stm32f4xx_tim.o
                0x08009488                TIM_OC3PreloadConfig
 .text.TIM_OC4PreloadConfig
                0x080094c0       0x3c ..\obj\stm32f4xx_tim.o
                0x080094c0                TIM_OC4PreloadConfig
 .text.TIM_CtrlPWMOutputs
                0x080094fc       0x4c ..\obj\stm32f4xx_tim.o
                0x080094fc                TIM_CtrlPWMOutputs
 .text.vApplicationIdleHook
                0x08009548        0xc ..\obj\RTOSRoutines.o
                0x08009548                vApplicationIdleHook
 .text.vApplicationMallocFailedHook
                0x08009554        0x8 ..\obj\RTOSRoutines.o
                0x08009554                vApplicationMallocFailedHook
 .text.vApplicationStackOverflowHook
                0x0800955c        0xc ..\obj\RTOSRoutines.o
                0x0800955c                vApplicationStackOverflowHook
 .text.vApplicationTickHook
                0x08009568        0xc ..\obj\RTOSRoutines.o
                0x08009568                vApplicationTickHook
 .text.sqrtf    0x08009574       0xb8 c:/coide/stmgcc/bin/../lib/gcc/arm-none-eabi/4.8.3/../../../../arm-none-eabi/lib/armv7e-m/fpu\libm.a(lib_a-wf_sqrt.o)
                0x08009574                sqrtf
 .text.__ieee754_sqrtf
                0x0800962c       0xa4 c:/coide/stmgcc/bin/../lib/gcc/arm-none-eabi/4.8.3/../../../../arm-none-eabi/lib/armv7e-m/fpu\libm.a(lib_a-ef_sqrt.o)
                0x0800962c                __ieee754_sqrtf
 .text.matherr  0x080096d0        0x4 c:/coide/stmgcc/bin/../lib/gcc/arm-none-eabi/4.8.3/../../../../arm-none-eabi/lib/armv7e-m/fpu\libm.a(lib_a-s_matherr.o)
                0x080096d0                matherr
 .text.__fpclassifyf
                0x080096d4       0x38 c:/coide/stmgcc/bin/../lib/gcc/arm-none-eabi/4.8.3/../../../../arm-none-eabi/lib/armv7e-m/fpu\libm.a(lib_a-sf_fpclassify.o)
                0x080096d4                __fpclassifyf
 .text          0x0800970c      0x370 c:/coide/stmgcc/bin/../lib/gcc/arm-none-eabi/4.8.3/armv7e-m/fpu\libgcc.a(_arm_addsubdf3.o)
                0x0800970c                __aeabi_drsub
                0x08009714                __aeabi_dsub
                0x08009714                __subdf3
                0x08009718                __aeabi_dadd
                0x08009718                __adddf3
                0x08009990                __floatunsidf
                0x08009990                __aeabi_ui2d
                0x080099b0                __floatsidf
                0x080099b0                __aeabi_i2d
                0x080099d4                __aeabi_f2d
                0x080099d4                __extendsfdf2
                0x08009a10                __floatundidf
                0x08009a10                __aeabi_ul2d
                0x08009a20                __floatdidf
                0x08009a20                __aeabi_l2d
 .text          0x08009a7c      0x424 c:/coide/stmgcc/bin/../lib/gcc/arm-none-eabi/4.8.3/armv7e-m/fpu\libgcc.a(_arm_muldivdf3.o)
                0x08009a7c                __aeabi_dmul
                0x08009a7c                __muldf3
                0x08009cd0                __divdf3
                0x08009cd0                __aeabi_ddiv
 .text          0x08009ea0       0xa0 c:/coide/stmgcc/bin/../lib/gcc/arm-none-eabi/4.8.3/armv7e-m/fpu\libgcc.a(_arm_truncdfsf2.o)
                0x08009ea0                __truncdfsf2
                0x08009ea0                __aeabi_d2f
 .text.__errno  0x08009f40        0xc c:/coide/stmgcc/bin/../lib/gcc/arm-none-eabi/4.8.3/../../../../arm-none-eabi/lib/armv7e-m/fpu\libc.a(lib_a-errno.o)
                0x08009f40                __errno
 .text.malloc   0x08009f4c       0x10 c:/coide/stmgcc/bin/../lib/gcc/arm-none-eabi/4.8.3/../../../../arm-none-eabi/lib/armv7e-m/fpu\libc.a(lib_a-malloc.o)
                0x08009f4c                malloc
 .text.free     0x08009f5c       0x10 c:/coide/stmgcc/bin/../lib/gcc/arm-none-eabi/4.8.3/../../../../arm-none-eabi/lib/armv7e-m/fpu\libc.a(lib_a-malloc.o)
                0x08009f5c                free
 .text._malloc_r
                0x08009f6c      0x538 c:/coide/stmgcc/bin/../lib/gcc/arm-none-eabi/4.8.3/../../../../arm-none-eabi/lib/armv7e-m/fpu\libc.a(lib_a-mallocr.o)
                0x08009f6c                _malloc_r
 .text.memcmp   0x0800a4a4       0x68 c:/coide/stmgcc/bin/../lib/gcc/arm-none-eabi/4.8.3/../../../../arm-none-eabi/lib/armv7e-m/fpu\libc.a(lib_a-memcmp.o)
                0x0800a4a4                memcmp
 .text          0x0800a50c      0x134 c:/coide/stmgcc/bin/../lib/gcc/arm-none-eabi/4.8.3/../../../../arm-none-eabi/lib/armv7e-m/fpu\libc.a(lib_a-memcpy.o)
                0x0800a50c                memcpy
 .text.memset   0x0800a640       0x94 c:/coide/stmgcc/bin/../lib/gcc/arm-none-eabi/4.8.3/../../../../arm-none-eabi/lib/armv7e-m/fpu\libc.a(lib_a-memset.o)
                0x0800a640                memset
 .text.__malloc_lock
                0x0800a6d4        0x4 c:/coide/stmgcc/bin/../lib/gcc/arm-none-eabi/4.8.3/../../../../arm-none-eabi/lib/armv7e-m/fpu\libc.a(lib_a-mlock.o)
                0x0800a6d4                __malloc_lock
 .text.__malloc_unlock
                0x0800a6d8        0x4 c:/coide/stmgcc/bin/../lib/gcc/arm-none-eabi/4.8.3/../../../../arm-none-eabi/lib/armv7e-m/fpu\libc.a(lib_a-mlock.o)
                0x0800a6d8                __malloc_unlock
 .text._sbrk_r  0x0800a6dc       0x24 c:/coide/stmgcc/bin/../lib/gcc/arm-none-eabi/4.8.3/../../../../arm-none-eabi/lib/armv7e-m/fpu\libc.a(lib_a-sbrkr.o)
                0x0800a6dc                _sbrk_r
 .text.startup.register_fini
                0x0800a700       0x14 c:/coide/stmgcc/bin/../lib/gcc/arm-none-eabi/4.8.3/../../../../arm-none-eabi/lib/armv7e-m/fpu\libc.a(lib_a-__call_atexit.o)
 .text.atexit   0x0800a714        0xc c:/coide/stmgcc/bin/../lib/gcc/arm-none-eabi/4.8.3/../../../../arm-none-eabi/lib/armv7e-m/fpu\libc.a(lib_a-atexit.o)
                0x0800a714                atexit
 .text.__libc_fini_array
                0x0800a720       0x30 c:/coide/stmgcc/bin/../lib/gcc/arm-none-eabi/4.8.3/../../../../arm-none-eabi/lib/armv7e-m/fpu\libc.a(lib_a-fini.o)
                0x0800a720                __libc_fini_array
 .text._malloc_trim_r
                0x0800a750       0x9c c:/coide/stmgcc/bin/../lib/gcc/arm-none-eabi/4.8.3/../../../../arm-none-eabi/lib/armv7e-m/fpu\libc.a(lib_a-freer.o)
                0x0800a750                _malloc_trim_r
 .text._free_r  0x0800a7ec      0x19c c:/coide/stmgcc/bin/../lib/gcc/arm-none-eabi/4.8.3/../../../../arm-none-eabi/lib/armv7e-m/fpu\libc.a(lib_a-freer.o)
                0x0800a7ec                _free_r
 .text.__register_exitproc
                0x0800a988       0xa8 c:/coide/stmgcc/bin/../lib/gcc/arm-none-eabi/4.8.3/../../../../arm-none-eabi/lib/armv7e-m/fpu\libc.a(lib_a-__atexit.o)
                0x0800a988                __register_exitproc
 *(.init)
 .init          0x0800aa30        0x4 c:/coide/stmgcc/bin/../lib/gcc/arm-none-eabi/4.8.3/armv7e-m/fpu/crti.o
                0x0800aa30                _init
 .init          0x0800aa34        0x8 c:/coide/stmgcc/bin/../lib/gcc/arm-none-eabi/4.8.3/armv7e-m/fpu/crtn.o
 *(.fini)
 .fini          0x0800aa3c        0x4 c:/coide/stmgcc/bin/../lib/gcc/arm-none-eabi/4.8.3/armv7e-m/fpu/crti.o
                0x0800aa3c                _fini
 .fini          0x0800aa40        0x8 c:/coide/stmgcc/bin/../lib/gcc/arm-none-eabi/4.8.3/armv7e-m/fpu/crtn.o
 *crtbegin.o(.ctors)
 *crtbegin?.o(.ctors)
 *(EXCLUDE_FILE(*crtend.o *crtend?.o) .ctors)
 *(SORT(.ctors.*))
 *(.ctors)
 *crtbegin.o(.dtors)
 *crtbegin?.o(.dtors)
 *(EXCLUDE_FILE(*crtend.o *crtend?.o) .dtors)
 *(SORT(.dtors.*))
 *(.dtors)
 *(.rodata*)
 .rodata        0x0800aa48       0x10 ..\obj\main.o
 .rodata        0x0800aa58       0x10 ..\obj\timers.o
 .rodata        0x0800aa68       0x1c ..\obj\tasks.o
 .rodata        0x0800aa84       0x74 ..\obj\ff.o
 .rodata        0x0800aaf8        0x8 ..\obj\Nrf24.o
 .rodata        0x0800ab00       0x28 ..\obj\logger.o
 .rodata        0x0800ab28        0x8 ..\obj\RadioLink.o
 .rodata.str1.4
                0x0800ab30        0x6 c:/coide/stmgcc/bin/../lib/gcc/arm-none-eabi/4.8.3/../../../../arm-none-eabi/lib/armv7e-m/fpu\libm.a(lib_a-wf_sqrt.o)
                                  0x8 (size before relaxing)
 *fill*         0x0800ab36        0x2 
 .rodata.str1.4
                0x0800ab38        0x4 c:/coide/stmgcc/bin/../lib/gcc/arm-none-eabi/4.8.3/../../../../arm-none-eabi/lib/armv7e-m/fpu\libc.a(lib_a-impure.o)
 .rodata._global_impure_ptr
                0x0800ab3c        0x4 c:/coide/stmgcc/bin/../lib/gcc/arm-none-eabi/4.8.3/../../../../arm-none-eabi/lib/armv7e-m/fpu\libc.a(lib_a-impure.o)
                0x0800ab3c                _global_impure_ptr
 *(.eh_fram e*)

.eh_frame       0x0800ab40        0x0
 .eh_frame      0x0800ab40        0x0 c:/coide/stmgcc/bin/../lib/gcc/arm-none-eabi/4.8.3/armv7e-m/fpu/crtbegin.o

.glue_7         0x0800ab40        0x0
 .glue_7        0x00000000        0x0 linker stubs

.glue_7t        0x0800ab40        0x0
 .glue_7t       0x00000000        0x0 linker stubs

.vfp11_veneer   0x0800ab40        0x0
 .vfp11_veneer  0x00000000        0x0 linker stubs

.v4_bx          0x0800ab40        0x0
 .v4_bx         0x00000000        0x0 linker stubs

.iplt           0x0800ab40        0x0
 .iplt          0x00000000        0x0 c:/coide/stmgcc/bin/../lib/gcc/arm-none-eabi/4.8.3/armv7e-m/fpu/crtbegin.o

.rel.dyn        0x0800ab40        0x0
 .rel.iplt      0x00000000        0x0 c:/coide/stmgcc/bin/../lib/gcc/arm-none-eabi/4.8.3/armv7e-m/fpu/crtbegin.o

.ARM.extab
 *(.ARM.extab* .gnu.linkonce.armextab.*)
                0x0800ab40                __exidx_start = .

.ARM.exidx
 *(.ARM.exidx* .gnu.linkonce.armexidx.*)
                0x0800ab40                __exidx_end = .
                0x0800ab40                __etext = .
                0x0800ab40                _sidata = __etext

.data           0x20000000      0x874 load address 0x0800ab40
                0x20000000                __data_start__ = .
                0x20000000                _sdata = __data_start__
 *(vtable)
 *(.data*)
 .data          0x20000000        0x4 ..\obj\tasks.o
 .data          0x20000004       0x14 ..\obj\system_stm32f4xx.o
                0x20000004                SystemCoreClock
                0x20000008                AHBPrescTable
 .data          0x20000018        0x4 ..\obj\port.o
 .data          0x2000001c        0x4 ..\obj\heap_2.o
 .data.__fdlib_version
                0x20000020        0x1 c:/coide/stmgcc/bin/../lib/gcc/arm-none-eabi/4.8.3/../../../../arm-none-eabi/lib/armv7e-m/fpu\libm.a(lib_a-s_lib_ver.o)
                0x20000020                __fdlib_version
 *fill*         0x20000021        0x7 
 .data.impure_data
                0x20000028      0x428 c:/coide/stmgcc/bin/../lib/gcc/arm-none-eabi/4.8.3/../../../../arm-none-eabi/lib/armv7e-m/fpu\libc.a(lib_a-impure.o)
 .data._impure_ptr
                0x20000450        0x4 c:/coide/stmgcc/bin/../lib/gcc/arm-none-eabi/4.8.3/../../../../arm-none-eabi/lib/armv7e-m/fpu\libc.a(lib_a-impure.o)
                0x20000450                _impure_ptr
 .data.__malloc_av_
                0x20000454      0x408 c:/coide/stmgcc/bin/../lib/gcc/arm-none-eabi/4.8.3/../../../../arm-none-eabi/lib/armv7e-m/fpu\libc.a(lib_a-mallocr.o)
                0x20000454                __malloc_av_
 .data.__malloc_trim_threshold
                0x2000085c        0x4 c:/coide/stmgcc/bin/../lib/gcc/arm-none-eabi/4.8.3/../../../../arm-none-eabi/lib/armv7e-m/fpu\libc.a(lib_a-mallocr.o)
                0x2000085c                __malloc_trim_threshold
 .data.__malloc_sbrk_base
                0x20000860        0x4 c:/coide/stmgcc/bin/../lib/gcc/arm-none-eabi/4.8.3/../../../../arm-none-eabi/lib/armv7e-m/fpu\libc.a(lib_a-mallocr.o)
                0x20000860                __malloc_sbrk_base
                0x20000864                . = ALIGN (0x4)
                0x20000864                PROVIDE (__preinit_array_start, .)
 *(.preinit_array)
                0x20000864                PROVIDE (__preinit_array_end, .)
                0x20000864                . = ALIGN (0x4)
                0x20000864                PROVIDE (__init_array_start, .)
 *(SORT(.init_array.*))
 .init_array.00000
                0x20000864        0x4 c:/coide/stmgcc/bin/../lib/gcc/arm-none-eabi/4.8.3/../../../../arm-none-eabi/lib/armv7e-m/fpu\libc.a(lib_a-__call_atexit.o)
 *(.init_array)
 .init_array    0x20000868        0x4 c:/coide/stmgcc/bin/../lib/gcc/arm-none-eabi/4.8.3/armv7e-m/fpu/crtbegin.o
                0x2000086c                PROVIDE (__init_array_end, .)
                0x2000086c                . = ALIGN (0x4)
                0x2000086c                PROVIDE (__fini_array_start, .)
 *(SORT(.fini_array.*))
 *(.fini_array)
 .fini_array    0x2000086c        0x4 c:/coide/stmgcc/bin/../lib/gcc/arm-none-eabi/4.8.3/armv7e-m/fpu/crtbegin.o
                0x20000870                PROVIDE (__fini_array_end, .)
 *(.jcr*)
 .jcr           0x20000870        0x0 c:/coide/stmgcc/bin/../lib/gcc/arm-none-eabi/4.8.3/armv7e-m/fpu/crtbegin.o
 .jcr           0x20000870        0x4 c:/coide/stmgcc/bin/../lib/gcc/arm-none-eabi/4.8.3/armv7e-m/fpu/crtend.o
                0x20000874                . = ALIGN (0x4)
                0x20000874                __data_end__ = .
                0x20000874                _edata = __data_end__

.igot.plt       0x20000874        0x0 load address 0x0800b3b4
 .igot.plt      0x00000000        0x0 c:/coide/stmgcc/bin/../lib/gcc/arm-none-eabi/4.8.3/armv7e-m/fpu/crtbegin.o

.bss            0x20000878    0x12edc load address 0x0800b3b8
                0x20000878                . = ALIGN (0x4)
                0x20000878                __bss_start__ = .
                0x20000878                _sbss = __bss_start__
 *(.bss*)
 .bss           0x20000878       0x1c c:/coide/stmgcc/bin/../lib/gcc/arm-none-eabi/4.8.3/armv7e-m/fpu/crtbegin.o
 .bss           0x20000894       0x48 ..\obj\sdio_sd.o
                0x200008cc                StopCondition
                0x200008d0                TransferError
                0x200008d4                TransferEnd
                0x200008d8                DMAEndOfTransfer
 .bss           0x200008dc       0x10 ..\obj\main.o
                0x200008dc                TheRadioCommandsQueue
                0x200008e0                TheIMUDataQueue
                0x200008e4                TheLogQueue
                0x200008e8                TheStabilizerQueueSet
 .bss           0x200008ec       0x38 ..\obj\timers.o
 .bss           0x20000924       0xe4 ..\obj\tasks.o
                0x20000924                pxCurrentTCB
 .bss           0x20000a08        0x4 ..\obj\syscalls.o
 .bss           0x20000a0c        0x8 ..\obj\port.o
 .bss           0x20000a14        0x8 ..\obj\ff.o
 .bss           0x20000a1c    0x12c14 ..\obj\heap_2.o
 .bss           0x20013630        0x8 ..\obj\RadioLink.o
 .bss.__malloc_max_total_mem
                0x20013638        0x4 c:/coide/stmgcc/bin/../lib/gcc/arm-none-eabi/4.8.3/../../../../arm-none-eabi/lib/armv7e-m/fpu\libc.a(lib_a-mallocr.o)
                0x20013638                __malloc_max_total_mem
 .bss.__malloc_max_sbrked_mem
                0x2001363c        0x4 c:/coide/stmgcc/bin/../lib/gcc/arm-none-eabi/4.8.3/../../../../arm-none-eabi/lib/armv7e-m/fpu\libc.a(lib_a-mallocr.o)
                0x2001363c                __malloc_max_sbrked_mem
 .bss.__malloc_top_pad
                0x20013640        0x4 c:/coide/stmgcc/bin/../lib/gcc/arm-none-eabi/4.8.3/../../../../arm-none-eabi/lib/armv7e-m/fpu\libc.a(lib_a-mallocr.o)
                0x20013640                __malloc_top_pad
 .bss.__malloc_current_mallinfo
                0x20013644       0x28 c:/coide/stmgcc/bin/../lib/gcc/arm-none-eabi/4.8.3/../../../../arm-none-eabi/lib/armv7e-m/fpu\libc.a(lib_a-mallocr.o)
                0x20013644                __malloc_current_mallinfo
 *(COMMON)
 *fill*         0x2001366c        0x4 
 COMMON         0x20013670       0xa0 ..\obj\sdio_sd.o
                0x20013670                SDIO_CmdInitStructure
                0x20013688                SDCardInfo
                0x200136e0                SDIO_InitStructure
                0x200136f8                SDIO_DataInitStructure
 COMMON         0x20013710       0x40 ..\obj\queue.o
                0x20013710                xQueueRegistry
 COMMON         0x20013750        0x4 c:/coide/stmgcc/bin/../lib/gcc/arm-none-eabi/4.8.3/../../../../arm-none-eabi/lib/armv7e-m/fpu\libc.a(lib_a-reent.o)
                0x20013750                errno
                0x20013754                . = ALIGN (0x4)
                0x20013754                __bss_end__ = .
                0x20013754                _ebss = __bss_end__

.heap           0x20013754        0x0
                0x20013754                __end__ = .
                0x20013754                _end = __end__
                0x20013754                end = __end__
 *(.heap*)
                0x20013754                __HeapLimit = .

.co_stack       0x20013754      0x804 load address 0x0801e294
                0x20013758                . = ALIGN (0x8)
 *fill*         0x20013754        0x4 
 *(.co_stack .co_stack.*)
 .co_stack      0x20013758      0x800 ..\obj\startup_stm32f4xx.o
                0x20013758                pulStack
                0x20020000                __StackTop = (ORIGIN (ram) + 0x20000)
                0x2001f7fc                __StackLimit = (__StackTop - SIZEOF (.co_stack))
                0x20020000                PROVIDE (__stack, __StackTop)
                0x00000001                ASSERT ((__StackLimit >= __HeapLimit), region ram  overflowed with stack)
LOAD ..\obj\stm32f4xx_syscfg.o
LOAD ..\obj\MadwickAHRS.o
LOAD ..\obj\stm32f4xx_sdio.o
LOAD ..\obj\rtc_support.o
LOAD ..\obj\stm32f4xx_usart.o
LOAD ..\obj\stm32f4xx_pwr.o
LOAD ..\obj\sdio_sd.o
LOAD ..\obj\cpp_impl.o
LOAD ..\obj\diskio.o
LOAD ..\obj\startup_stm32f4xx.o
LOAD ..\obj\stm32f4xx_crc.o
LOAD ..\obj\main.o
LOAD ..\obj\stm32f4xx_rcc.o
LOAD ..\obj\testnrf.o
LOAD ..\obj\timers.o
LOAD ..\obj\stm32f4xx_adc.o
LOAD ..\obj\ff_rtc_if.o
LOAD ..\obj\tasks.o
LOAD ..\obj\xprintf.o
LOAD ..\obj\stm32f4_int.o
LOAD ..\obj\stm32f4xx_gpio.o
LOAD ..\obj\list.o
LOAD ..\obj\system_stm32f4xx.o
LOAD ..\obj\syscalls.o
LOAD ..\obj\stm32f4xx_dma.o
LOAD ..\obj\Motors.o
LOAD ..\obj\queue.o
LOAD ..\obj\port.o
LOAD ..\obj\ff.o
LOAD ..\obj\croutine.o
LOAD ..\obj\stm32f4xx_spi.o
LOAD ..\obj\event_groups.o
LOAD ..\obj\stm32f4xx_i2c.o
LOAD ..\obj\stm32f4xx_exti.o
LOAD ..\obj\misc.o
LOAD ..\obj\Nrf24.o
LOAD ..\obj\logger.o
LOAD ..\obj\ff_support.o
LOAD ..\obj\testmotor.o
LOAD ..\obj\SpiInterface.o
LOAD ..\obj\stm32f4xx_rtc.o
LOAD ..\obj\heap_2.o
LOAD ..\obj\RadioLink.o
LOAD ..\obj\stm32f4xx_tim.o
LOAD ..\obj\stm32f4xx_dbgmcu.o
LOAD ..\obj\testmain.o
LOAD ..\obj\RTOSRoutines.o
LOAD c:/coide/stmgcc/bin/../lib/gcc/arm-none-eabi/4.8.3/../../../../arm-none-eabi/lib/armv7e-m/fpu\libm.a
LOAD c:/coide/stmgcc/bin/../lib/gcc/arm-none-eabi/4.8.3/armv7e-m/fpu\libgcc.a
LOAD c:/coide/stmgcc/bin/../lib/gcc/arm-none-eabi/4.8.3/../../../../arm-none-eabi/lib/armv7e-m/fpu\libc.a
LOAD c:/coide/stmgcc/bin/../lib/gcc/arm-none-eabi/4.8.3/../../../../arm-none-eabi/lib/armv7e-m/fpu\libstdc++.a
START GROUP
LOAD c:/coide/stmgcc/bin/../lib/gcc/arm-none-eabi/4.8.3/armv7e-m/fpu\libgcc.a
LOAD c:/coide/stmgcc/bin/../lib/gcc/arm-none-eabi/4.8.3/../../../../arm-none-eabi/lib/armv7e-m/fpu\libg.a
LOAD c:/coide/stmgcc/bin/../lib/gcc/arm-none-eabi/4.8.3/../../../../arm-none-eabi/lib/armv7e-m/fpu\libc.a
END GROUP
LOAD c:/coide/stmgcc/bin/../lib/gcc/arm-none-eabi/4.8.3/armv7e-m/fpu/crtend.o
LOAD c:/coide/stmgcc/bin/../lib/gcc/arm-none-eabi/4.8.3/armv7e-m/fpu/crtn.o
OUTPUT(TestOS.elf elf32-littlearm)

.ARM.attributes
                0x00000000       0x30
 .ARM.attributes
                0x00000000       0x22 c:/coide/stmgcc/bin/../lib/gcc/arm-none-eabi/4.8.3/armv7e-m/fpu/crti.o
 .ARM.attributes
                0x00000022       0x34 c:/coide/stmgcc/bin/../lib/gcc/arm-none-eabi/4.8.3/armv7e-m/fpu/crtbegin.o
 .ARM.attributes
                0x00000056       0x39 ..\obj\MadwickAHRS.o
 .ARM.attributes
                0x0000008f       0x39 ..\obj\stm32f4xx_sdio.o
 .ARM.attributes
                0x000000c8       0x39 ..\obj\sdio_sd.o
 .ARM.attributes
                0x00000101       0x39 ..\obj\cpp_impl.o
 .ARM.attributes
                0x0000013a       0x39 ..\obj\diskio.o
 .ARM.attributes
                0x00000173       0x39 ..\obj\startup_stm32f4xx.o
 .ARM.attributes
                0x000001ac       0x39 ..\obj\main.o
 .ARM.attributes
                0x000001e5       0x39 ..\obj\stm32f4xx_rcc.o
 .ARM.attributes
                0x0000021e       0x39 ..\obj\timers.o
 .ARM.attributes
                0x00000257       0x39 ..\obj\tasks.o
 .ARM.attributes
                0x00000290       0x39 ..\obj\stm32f4_int.o
 .ARM.attributes
                0x000002c9       0x39 ..\obj\stm32f4xx_gpio.o
 .ARM.attributes
                0x00000302       0x39 ..\obj\list.o
 .ARM.attributes
                0x0000033b       0x39 ..\obj\system_stm32f4xx.o
 .ARM.attributes
                0x00000374       0x39 ..\obj\syscalls.o
 .ARM.attributes
                0x000003ad       0x39 ..\obj\Motors.o
 .ARM.attributes
                0x000003e6       0x39 ..\obj\queue.o
 .ARM.attributes
                0x0000041f       0x39 ..\obj\port.o
 .ARM.attributes
                0x00000458       0x39 ..\obj\ff.o
 .ARM.attributes
                0x00000491       0x39 ..\obj\stm32f4xx_spi.o
 .ARM.attributes
                0x000004ca       0x39 ..\obj\Nrf24.o
 .ARM.attributes
                0x00000503       0x39 ..\obj\logger.o
 .ARM.attributes
                0x0000053c       0x39 ..\obj\ff_support.o
 .ARM.attributes
                0x00000575       0x39 ..\obj\SpiInterface.o
 .ARM.attributes
                0x000005ae       0x39 ..\obj\heap_2.o
 .ARM.attributes
                0x000005e7       0x39 ..\obj\RadioLink.o
 .ARM.attributes
                0x00000620       0x39 ..\obj\stm32f4xx_tim.o
 .ARM.attributes
                0x00000659       0x39 ..\obj\RTOSRoutines.o
 .ARM.attributes
                0x00000692       0x34 c:/coide/stmgcc/bin/../lib/gcc/arm-none-eabi/4.8.3/../../../../arm-none-eabi/lib/armv7e-m/fpu\libm.a(lib_a-wf_sqrt.o)
 .ARM.attributes
                0x000006c6       0x34 c:/coide/stmgcc/bin/../lib/gcc/arm-none-eabi/4.8.3/../../../../arm-none-eabi/lib/armv7e-m/fpu\libm.a(lib_a-ef_sqrt.o)
 .ARM.attributes
                0x000006fa       0x34 c:/coide/stmgcc/bin/../lib/gcc/arm-none-eabi/4.8.3/../../../../arm-none-eabi/lib/armv7e-m/fpu\libm.a(lib_a-s_lib_ver.o)
 .ARM.attributes
                0x0000072e       0x34 c:/coide/stmgcc/bin/../lib/gcc/arm-none-eabi/4.8.3/../../../../arm-none-eabi/lib/armv7e-m/fpu\libm.a(lib_a-s_matherr.o)
 .ARM.attributes
                0x00000762       0x34 c:/coide/stmgcc/bin/../lib/gcc/arm-none-eabi/4.8.3/../../../../arm-none-eabi/lib/armv7e-m/fpu\libm.a(lib_a-sf_fpclassify.o)
 .ARM.attributes
                0x00000796       0x22 c:/coide/stmgcc/bin/../lib/gcc/arm-none-eabi/4.8.3/armv7e-m/fpu\libgcc.a(_arm_addsubdf3.o)
 .ARM.attributes
                0x000007b8       0x22 c:/coide/stmgcc/bin/../lib/gcc/arm-none-eabi/4.8.3/armv7e-m/fpu\libgcc.a(_arm_muldivdf3.o)
 .ARM.attributes
                0x000007da       0x22 c:/coide/stmgcc/bin/../lib/gcc/arm-none-eabi/4.8.3/armv7e-m/fpu\libgcc.a(_arm_truncdfsf2.o)
 .ARM.attributes
                0x000007fc       0x34 c:/coide/stmgcc/bin/../lib/gcc/arm-none-eabi/4.8.3/../../../../arm-none-eabi/lib/armv7e-m/fpu\libc.a(lib_a-errno.o)
 .ARM.attributes
                0x00000830       0x34 c:/coide/stmgcc/bin/../lib/gcc/arm-none-eabi/4.8.3/../../../../arm-none-eabi/lib/armv7e-m/fpu\libc.a(lib_a-impure.o)
 .ARM.attributes
                0x00000864       0x34 c:/coide/stmgcc/bin/../lib/gcc/arm-none-eabi/4.8.3/../../../../arm-none-eabi/lib/armv7e-m/fpu\libc.a(lib_a-malloc.o)
 .ARM.attributes
                0x00000898       0x34 c:/coide/stmgcc/bin/../lib/gcc/arm-none-eabi/4.8.3/../../../../arm-none-eabi/lib/armv7e-m/fpu\libc.a(lib_a-mallocr.o)
 .ARM.attributes
                0x000008cc       0x34 c:/coide/stmgcc/bin/../lib/gcc/arm-none-eabi/4.8.3/../../../../arm-none-eabi/lib/armv7e-m/fpu\libc.a(lib_a-memcmp.o)
 .ARM.attributes
                0x00000900       0x20 c:/coide/stmgcc/bin/../lib/gcc/arm-none-eabi/4.8.3/../../../../arm-none-eabi/lib/armv7e-m/fpu\libc.a(lib_a-memcpy.o)
 .ARM.attributes
                0x00000920       0x34 c:/coide/stmgcc/bin/../lib/gcc/arm-none-eabi/4.8.3/../../../../arm-none-eabi/lib/armv7e-m/fpu\libc.a(lib_a-memset.o)
 .ARM.attributes
                0x00000954       0x34 c:/coide/stmgcc/bin/../lib/gcc/arm-none-eabi/4.8.3/../../../../arm-none-eabi/lib/armv7e-m/fpu\libc.a(lib_a-mlock.o)
 .ARM.attributes
                0x00000988       0x34 c:/coide/stmgcc/bin/../lib/gcc/arm-none-eabi/4.8.3/../../../../arm-none-eabi/lib/armv7e-m/fpu\libc.a(lib_a-sbrkr.o)
 .ARM.attributes
                0x000009bc       0x34 c:/coide/stmgcc/bin/../lib/gcc/arm-none-eabi/4.8.3/../../../../arm-none-eabi/lib/armv7e-m/fpu\libc.a(lib_a-__call_atexit.o)
 .ARM.attributes
                0x000009f0       0x34 c:/coide/stmgcc/bin/../lib/gcc/arm-none-eabi/4.8.3/../../../../arm-none-eabi/lib/armv7e-m/fpu\libc.a(lib_a-atexit.o)
 .ARM.attributes
                0x00000a24       0x34 c:/coide/stmgcc/bin/../lib/gcc/arm-none-eabi/4.8.3/../../../../arm-none-eabi/lib/armv7e-m/fpu\libc.a(lib_a-fini.o)
 .ARM.attributes
                0x00000a58       0x34 c:/coide/stmgcc/bin/../lib/gcc/arm-none-eabi/4.8.3/../../../../arm-none-eabi/lib/armv7e-m/fpu\libc.a(lib_a-freer.o)
 .ARM.attributes
                0x00000a8c       0x34 c:/coide/stmgcc/bin/../lib/gcc/arm-none-eabi/4.8.3/../../../../arm-none-eabi/lib/armv7e-m/fpu\libc.a(lib_a-reent.o)
 .ARM.attributes
                0x00000ac0       0x34 c:/coide/stmgcc/bin/../lib/gcc/arm-none-eabi/4.8.3/../../../../arm-none-eabi/lib/armv7e-m/fpu\libc.a(lib_a-__atexit.o)
 .ARM.attributes
                0x00000af4       0x34 c:/coide/stmgcc/bin/../lib/gcc/arm-none-eabi/4.8.3/armv7e-m/fpu/crtend.o
 .ARM.attributes
                0x00000b28       0x22 c:/coide/stmgcc/bin/../lib/gcc/arm-none-eabi/4.8.3/armv7e-m/fpu/crtn.o

.comment        0x00000000       0x70
 .comment       0x00000000       0x70 ..\obj\MadwickAHRS.o
                                 0x71 (size before relaxing)
 .comment       0x00000000       0x71 ..\obj\stm32f4xx_sdio.o
 .comment       0x00000000       0x71 ..\obj\sdio_sd.o
 .comment       0x00000000       0x71 ..\obj\cpp_impl.o
 .comment       0x00000000       0x71 ..\obj\diskio.o
 .comment       0x00000000       0x71 ..\obj\startup_stm32f4xx.o
 .comment       0x00000000       0x71 ..\obj\main.o
 .comment       0x00000000       0x71 ..\obj\stm32f4xx_rcc.o
 .comment       0x00000000       0x71 ..\obj\timers.o
 .comment       0x00000000       0x71 ..\obj\tasks.o
 .comment       0x00000000       0x71 ..\obj\stm32f4_int.o
 .comment       0x00000000       0x71 ..\obj\stm32f4xx_gpio.o
 .comment       0x00000000       0x71 ..\obj\list.o
 .comment       0x00000000       0x71 ..\obj\system_stm32f4xx.o
 .comment       0x00000000       0x71 ..\obj\syscalls.o
 .comment       0x00000000       0x71 ..\obj\Motors.o
 .comment       0x00000000       0x71 ..\obj\queue.o
 .comment       0x00000000       0x71 ..\obj\port.o
 .comment       0x00000000       0x71 ..\obj\ff.o
 .comment       0x00000000       0x71 ..\obj\stm32f4xx_spi.o
 .comment       0x00000000       0x71 ..\obj\Nrf24.o
 .comment       0x00000000       0x71 ..\obj\logger.o
 .comment       0x00000000       0x71 ..\obj\ff_support.o
 .comment       0x00000000       0x71 ..\obj\SpiInterface.o
 .comment       0x00000000       0x71 ..\obj\heap_2.o
 .comment       0x00000000       0x71 ..\obj\RadioLink.o
 .comment       0x00000000       0x71 ..\obj\stm32f4xx_tim.o
 .comment       0x00000000       0x71 ..\obj\RTOSRoutines.o

.debug_info     0x00000000    0x104e3
 .debug_info    0x00000000      0x692 ..\obj\MadwickAHRS.o
 .debug_info    0x00000692      0x7f5 ..\obj\stm32f4xx_sdio.o
 .debug_info    0x00000e87     0x12eb ..\obj\sdio_sd.o
 .debug_info    0x00002172      0x123 ..\obj\cpp_impl.o
 .debug_info    0x00002295      0x713 ..\obj\diskio.o
 .debug_info    0x000029a8       0xed ..\obj\startup_stm32f4xx.o
 .debug_info    0x00002a95     0x16b1 ..\obj\main.o
 .debug_info    0x00004146      0xc4d ..\obj\stm32f4xx_rcc.o
 .debug_info    0x00004d93      0x7ed ..\obj\timers.o
 .debug_info    0x00005580     0x1083 ..\obj\tasks.o
 .debug_info    0x00006603       0xaa ..\obj\stm32f4_int.o
 .debug_info    0x000066ad      0x602 ..\obj\stm32f4xx_gpio.o
 .debug_info    0x00006caf      0x299 ..\obj\list.o
 .debug_info    0x00006f48      0x592 ..\obj\system_stm32f4xx.o
 .debug_info    0x000074da      0x3ee ..\obj\syscalls.o
 .debug_info    0x000078c8      0x5f1 ..\obj\Motors.o
 .debug_info    0x00007eb9      0xd89 ..\obj\queue.o
 .debug_info    0x00008c42      0x331 ..\obj\port.o
 .debug_info    0x00008f73     0x1fac ..\obj\ff.o
 .debug_info    0x0000af1f      0xb07 ..\obj\stm32f4xx_spi.o
 .debug_info    0x0000ba26      0xa87 ..\obj\Nrf24.o
 .debug_info    0x0000c4ad      0x905 ..\obj\logger.o
 .debug_info    0x0000cdb2      0x5cd ..\obj\ff_support.o
 .debug_info    0x0000d37f      0x5c1 ..\obj\SpiInterface.o
 .debug_info    0x0000d940      0x2ed ..\obj\heap_2.o
 .debug_info    0x0000dc2d      0xb40 ..\obj\RadioLink.o
 .debug_info    0x0000e76d     0x1c61 ..\obj\stm32f4xx_tim.o
 .debug_info    0x000103ce      0x115 ..\obj\RTOSRoutines.o

.debug_abbrev   0x00000000     0x2daf
 .debug_abbrev  0x00000000      0x168 ..\obj\MadwickAHRS.o
 .debug_abbrev  0x00000168      0x177 ..\obj\stm32f4xx_sdio.o
 .debug_abbrev  0x000002df      0x1f2 ..\obj\sdio_sd.o
 .debug_abbrev  0x000004d1       0xa8 ..\obj\cpp_impl.o
 .debug_abbrev  0x00000579      0x104 ..\obj\diskio.o
 .debug_abbrev  0x0000067d       0xb0 ..\obj\startup_stm32f4xx.o
 .debug_abbrev  0x0000072d      0x3d2 ..\obj\main.o
 .debug_abbrev  0x00000aff      0x1e3 ..\obj\stm32f4xx_rcc.o
 .debug_abbrev  0x00000ce2      0x186 ..\obj\timers.o
 .debug_abbrev  0x00000e68      0x24b ..\obj\tasks.o
 .debug_abbrev  0x000010b3       0x28 ..\obj\stm32f4_int.o
 .debug_abbrev  0x000010db      0x1a3 ..\obj\stm32f4xx_gpio.o
 .debug_abbrev  0x0000127e       0xbc ..\obj\list.o
 .debug_abbrev  0x0000133a      0x136 ..\obj\system_stm32f4xx.o
 .debug_abbrev  0x00001470       0xe2 ..\obj\syscalls.o
 .debug_abbrev  0x00001552      0x1a9 ..\obj\Motors.o
 .debug_abbrev  0x000016fb      0x1b8 ..\obj\queue.o
 .debug_abbrev  0x000018b3      0x19b ..\obj\port.o
 .debug_abbrev  0x00001a4e      0x21e ..\obj\ff.o
 .debug_abbrev  0x00001c6c      0x167 ..\obj\stm32f4xx_spi.o
 .debug_abbrev  0x00001dd3      0x25e ..\obj\Nrf24.o
 .debug_abbrev  0x00002031      0x2df ..\obj\logger.o
 .debug_abbrev  0x00002310      0x1a6 ..\obj\ff_support.o
 .debug_abbrev  0x000024b6      0x1fe ..\obj\SpiInterface.o
 .debug_abbrev  0x000026b4      0x16c ..\obj\heap_2.o
 .debug_abbrev  0x00002820      0x36a ..\obj\RadioLink.o
 .debug_abbrev  0x00002b8a      0x187 ..\obj\stm32f4xx_tim.o
 .debug_abbrev  0x00002d11       0x9e ..\obj\RTOSRoutines.o

.debug_aranges  0x00000000     0x1270
 .debug_aranges
                0x00000000       0x38 ..\obj\MadwickAHRS.o
 .debug_aranges
                0x00000038      0x108 ..\obj\stm32f4xx_sdio.o
 .debug_aranges
                0x00000140      0x108 ..\obj\sdio_sd.o
 .debug_aranges
                0x00000248       0x38 ..\obj\cpp_impl.o
 .debug_aranges
                0x00000280       0x40 ..\obj\diskio.o
 .debug_aranges
                0x000002c0       0x28 ..\obj\startup_stm32f4xx.o
 .debug_aranges
                0x000002e8       0xb8 ..\obj\main.o
 .debug_aranges
                0x000003a0      0x178 ..\obj\stm32f4xx_rcc.o
 .debug_aranges
                0x00000518       0x90 ..\obj\timers.o
 .debug_aranges
                0x000005a8      0x160 ..\obj\tasks.o
 .debug_aranges
                0x00000708       0x58 ..\obj\stm32f4_int.o
 .debug_aranges
                0x00000760       0x88 ..\obj\stm32f4xx_gpio.o
 .debug_aranges
                0x000007e8       0x40 ..\obj\list.o
 .debug_aranges
                0x00000828       0x30 ..\obj\system_stm32f4xx.o
 .debug_aranges
                0x00000858       0x60 ..\obj\syscalls.o
 .debug_aranges
                0x000008b8       0x28 ..\obj\Motors.o
 .debug_aranges
                0x000008e0      0x128 ..\obj\queue.o
 .debug_aranges
                0x00000a08       0x98 ..\obj\port.o
 .debug_aranges
                0x00000aa0      0x1d8 ..\obj\ff.o
 .debug_aranges
                0x00000c78       0xe0 ..\obj\stm32f4xx_spi.o
 .debug_aranges
                0x00000d58       0xa0 ..\obj\Nrf24.o
 .debug_aranges
                0x00000df8       0x50 ..\obj\logger.o
 .debug_aranges
                0x00000e48       0x38 ..\obj\ff_support.o
 .debug_aranges
                0x00000e80       0x28 ..\obj\SpiInterface.o
 .debug_aranges
                0x00000ea8       0x40 ..\obj\heap_2.o
 .debug_aranges
                0x00000ee8       0x58 ..\obj\RadioLink.o
 .debug_aranges
                0x00000f40      0x2f8 ..\obj\stm32f4xx_tim.o
 .debug_aranges
                0x00001238       0x38 ..\obj\RTOSRoutines.o

.debug_ranges   0x00000000     0x10c8
 .debug_ranges  0x00000000       0x28 ..\obj\MadwickAHRS.o
 .debug_ranges  0x00000028       0xf8 ..\obj\stm32f4xx_sdio.o
 .debug_ranges  0x00000120       0xf8 ..\obj\sdio_sd.o
 .debug_ranges  0x00000218       0x28 ..\obj\cpp_impl.o
 .debug_ranges  0x00000240       0x30 ..\obj\diskio.o
 .debug_ranges  0x00000270       0x18 ..\obj\startup_stm32f4xx.o
 .debug_ranges  0x00000288       0xa8 ..\obj\main.o
 .debug_ranges  0x00000330      0x168 ..\obj\stm32f4xx_rcc.o
 .debug_ranges  0x00000498       0x80 ..\obj\timers.o
 .debug_ranges  0x00000518      0x150 ..\obj\tasks.o
 .debug_ranges  0x00000668       0x48 ..\obj\stm32f4_int.o
 .debug_ranges  0x000006b0       0x78 ..\obj\stm32f4xx_gpio.o
 .debug_ranges  0x00000728       0x30 ..\obj\list.o
 .debug_ranges  0x00000758       0x20 ..\obj\system_stm32f4xx.o
 .debug_ranges  0x00000778       0x50 ..\obj\syscalls.o
 .debug_ranges  0x000007c8       0x18 ..\obj\Motors.o
 .debug_ranges  0x000007e0      0x118 ..\obj\queue.o
 .debug_ranges  0x000008f8       0x88 ..\obj\port.o
 .debug_ranges  0x00000980      0x1e0 ..\obj\ff.o
 .debug_ranges  0x00000b60       0xd0 ..\obj\stm32f4xx_spi.o
 .debug_ranges  0x00000c30       0x90 ..\obj\Nrf24.o
 .debug_ranges  0x00000cc0       0x40 ..\obj\logger.o
 .debug_ranges  0x00000d00       0x28 ..\obj\ff_support.o
 .debug_ranges  0x00000d28       0x18 ..\obj\SpiInterface.o
 .debug_ranges  0x00000d40       0x30 ..\obj\heap_2.o
 .debug_ranges  0x00000d70       0x48 ..\obj\RadioLink.o
 .debug_ranges  0x00000db8      0x2e8 ..\obj\stm32f4xx_tim.o
 .debug_ranges  0x000010a0       0x28 ..\obj\RTOSRoutines.o

.debug_line     0x00000000     0x6e11
 .debug_line    0x00000000      0x161 ..\obj\MadwickAHRS.o
 .debug_line    0x00000161      0x3d9 ..\obj\stm32f4xx_sdio.o
 .debug_line    0x0000053a      0x8a9 ..\obj\sdio_sd.o
 .debug_line    0x00000de3       0xcb ..\obj\cpp_impl.o
 .debug_line    0x00000eae      0x1c9 ..\obj\diskio.o
 .debug_line    0x00001077       0x98 ..\obj\startup_stm32f4xx.o
 .debug_line    0x0000110f      0x5de ..\obj\main.o
 .debug_line    0x000016ed      0x52f ..\obj\stm32f4xx_rcc.o
 .debug_line    0x00001c1c      0x32c ..\obj\timers.o
 .debug_line    0x00001f48      0x88a ..\obj\tasks.o
 .debug_line    0x000027d2       0xe8 ..\obj\stm32f4_int.o
 .debug_line    0x000028ba      0x2d4 ..\obj\stm32f4xx_gpio.o
 .debug_line    0x00002b8e      0x195 ..\obj\list.o
 .debug_line    0x00002d23      0x191 ..\obj\system_stm32f4xx.o
 .debug_line    0x00002eb4      0x140 ..\obj\syscalls.o
 .debug_line    0x00002ff4      0x1e3 ..\obj\Motors.o
 .debug_line    0x000031d7      0x76a ..\obj\queue.o
 .debug_line    0x00003941      0x2db ..\obj\port.o
 .debug_line    0x00003c1c     0x1349 ..\obj\ff.o
 .debug_line    0x00004f65      0x3e7 ..\obj\stm32f4xx_spi.o
 .debug_line    0x0000534c      0x32b ..\obj\Nrf24.o
 .debug_line    0x00005677      0x320 ..\obj\logger.o
 .debug_line    0x00005997      0x1d0 ..\obj\ff_support.o
 .debug_line    0x00005b67      0x23f ..\obj\SpiInterface.o
 .debug_line    0x00005da6      0x1d9 ..\obj\heap_2.o
 .debug_line    0x00005f7f      0x324 ..\obj\RadioLink.o
 .debug_line    0x000062a3      0x9fa ..\obj\stm32f4xx_tim.o
 .debug_line    0x00006c9d      0x174 ..\obj\RTOSRoutines.o

.debug_str      0x00000000     0x59cc
 .debug_str     0x00000000      0x2e9 ..\obj\MadwickAHRS.o
                                0x333 (size before relaxing)
 .debug_str     0x000002e9      0x5ab ..\obj\stm32f4xx_sdio.o
                                0x680 (size before relaxing)
 .debug_str     0x00000894      0xc0b ..\obj\sdio_sd.o
                               0x1031 (size before relaxing)
 .debug_str     0x0000149f       0x8c ..\obj\cpp_impl.o
                                0x1eb (size before relaxing)
 .debug_str     0x0000152b       0xd7 ..\obj\diskio.o
                                0x89c (size before relaxing)
 .debug_str     0x00001602       0xa6 ..\obj\startup_stm32f4xx.o
                                0x187 (size before relaxing)
 .debug_str     0x000016a8      0x9ad ..\obj\main.o
                                0xec6 (size before relaxing)
 .debug_str     0x00002055      0x611 ..\obj\stm32f4xx_rcc.o
                                0x890 (size before relaxing)
 .debug_str     0x00002666      0x471 ..\obj\timers.o
                                0x68d (size before relaxing)
 .debug_str     0x00002ad7      0x8c9 ..\obj\tasks.o
                                0xb71 (size before relaxing)
 .debug_str     0x000033a0       0xb0 ..\obj\stm32f4_int.o
                                0x176 (size before relaxing)
 .debug_str     0x00003450      0x17d ..\obj\stm32f4xx_gpio.o
                                0x4e3 (size before relaxing)
 .debug_str     0x000035cd       0xc2 ..\obj\list.o
                                0x2e0 (size before relaxing)
 .debug_str     0x0000368f      0x10e ..\obj\system_stm32f4xx.o
                                0x3ea (size before relaxing)
 .debug_str     0x0000379d      0x168 ..\obj\syscalls.o
                                0x307 (size before relaxing)
 .debug_str     0x00003905      0x1ee ..\obj\Motors.o
                                0x616 (size before relaxing)
 .debug_str     0x00003af3      0x538 ..\obj\queue.o
                                0x86d (size before relaxing)
 .debug_str     0x0000402b      0x23e ..\obj\port.o
                                0x423 (size before relaxing)
 .debug_str     0x00004269      0x538 ..\obj\ff.o
                                0x746 (size before relaxing)
 .debug_str     0x000047a1      0x373 ..\obj\stm32f4xx_spi.o
                                0x6ca (size before relaxing)
 .debug_str     0x00004b14       0x8e ..\obj\Nrf24.o
                                0x57f (size before relaxing)
 .debug_str     0x00004ba2       0x97 ..\obj\logger.o
                                0x69f (size before relaxing)
 .debug_str     0x00004c39       0xa2 ..\obj\ff_support.o
                                0x49a (size before relaxing)
 .debug_str     0x00004cdb       0x80 ..\obj\SpiInterface.o
                                0x5b7 (size before relaxing)
 .debug_str     0x00004d5b      0x188 ..\obj\heap_2.o
                                0x337 (size before relaxing)
 .debug_str     0x00004ee3       0x8e ..\obj\RadioLink.o
                                0x6fd (size before relaxing)
 .debug_str     0x00004f71      0x9f4 ..\obj\stm32f4xx_tim.o
                                0xe10 (size before relaxing)
 .debug_str     0x00005965       0x67 ..\obj\RTOSRoutines.o
                                0x228 (size before relaxing)

.debug_frame    0x00000000     0x3f10
 .debug_frame   0x00000000       0x88 ..\obj\MadwickAHRS.o
 .debug_frame   0x00000088      0x344 ..\obj\stm32f4xx_sdio.o
 .debug_frame   0x000003cc      0x3c0 ..\obj\sdio_sd.o
 .debug_frame   0x0000078c       0x90 ..\obj\cpp_impl.o
 .debug_frame   0x0000081c       0xb4 ..\obj\diskio.o
 .debug_frame   0x000008d0       0x48 ..\obj\startup_stm32f4xx.o
 .debug_frame   0x00000918      0x284 ..\obj\main.o
 .debug_frame   0x00000b9c      0x4d8 ..\obj\stm32f4xx_rcc.o
 .debug_frame   0x00001074      0x1e0 ..\obj\timers.o
 .debug_frame   0x00001254      0x4f0 ..\obj\tasks.o
 .debug_frame   0x00001744       0xd0 ..\obj\stm32f4_int.o
 .debug_frame   0x00001814      0x19c ..\obj\stm32f4xx_gpio.o
 .debug_frame   0x000019b0       0x9c ..\obj\list.o
 .debug_frame   0x00001a4c       0x64 ..\obj\system_stm32f4xx.o
 .debug_frame   0x00001ab0      0x108 ..\obj\syscalls.o
 .debug_frame   0x00001bb8       0x50 ..\obj\Motors.o
 .debug_frame   0x00001c08      0x43c ..\obj\queue.o
 .debug_frame   0x00002044      0x188 ..\obj\port.o
 .debug_frame   0x000021cc      0x6f0 ..\obj\ff.o
 .debug_frame   0x000028bc      0x2d0 ..\obj\stm32f4xx_spi.o
 .debug_frame   0x00002b8c      0x230 ..\obj\Nrf24.o
 .debug_frame   0x00002dbc       0xf4 ..\obj\logger.o
 .debug_frame   0x00002eb0       0x80 ..\obj\ff_support.o
 .debug_frame   0x00002f30       0x50 ..\obj\SpiInterface.o
 .debug_frame   0x00002f80       0x9c ..\obj\heap_2.o
 .debug_frame   0x0000301c      0x110 ..\obj\RadioLink.o
 .debug_frame   0x0000312c      0xa3c ..\obj\stm32f4xx_tim.o
 .debug_frame   0x00003b68       0x74 ..\obj\RTOSRoutines.o
 .debug_frame   0x00003bdc       0x30 c:/coide/stmgcc/bin/../lib/gcc/arm-none-eabi/4.8.3/../../../../arm-none-eabi/lib/armv7e-m/fpu\libm.a(lib_a-wf_sqrt.o)
 .debug_frame   0x00003c0c       0x2c c:/coide/stmgcc/bin/../lib/gcc/arm-none-eabi/4.8.3/../../../../arm-none-eabi/lib/armv7e-m/fpu\libm.a(lib_a-ef_sqrt.o)
 .debug_frame   0x00003c38       0x20 c:/coide/stmgcc/bin/../lib/gcc/arm-none-eabi/4.8.3/../../../../arm-none-eabi/lib/armv7e-m/fpu\libm.a(lib_a-s_matherr.o)
 .debug_frame   0x00003c58       0x20 c:/coide/stmgcc/bin/../lib/gcc/arm-none-eabi/4.8.3/../../../../arm-none-eabi/lib/armv7e-m/fpu\libm.a(lib_a-sf_fpclassify.o)
 .debug_frame   0x00003c78       0x20 c:/coide/stmgcc/bin/../lib/gcc/arm-none-eabi/4.8.3/../../../../arm-none-eabi/lib/armv7e-m/fpu\libc.a(lib_a-errno.o)
 .debug_frame   0x00003c98       0x30 c:/coide/stmgcc/bin/../lib/gcc/arm-none-eabi/4.8.3/../../../../arm-none-eabi/lib/armv7e-m/fpu\libc.a(lib_a-malloc.o)
 .debug_frame   0x00003cc8       0x38 c:/coide/stmgcc/bin/../lib/gcc/arm-none-eabi/4.8.3/../../../../arm-none-eabi/lib/armv7e-m/fpu\libc.a(lib_a-mallocr.o)
 .debug_frame   0x00003d00       0x2c c:/coide/stmgcc/bin/../lib/gcc/arm-none-eabi/4.8.3/../../../../arm-none-eabi/lib/armv7e-m/fpu\libc.a(lib_a-memcmp.o)
 .debug_frame   0x00003d2c       0x2c c:/coide/stmgcc/bin/../lib/gcc/arm-none-eabi/4.8.3/../../../../arm-none-eabi/lib/armv7e-m/fpu\libc.a(lib_a-memset.o)
 .debug_frame   0x00003d58       0x30 c:/coide/stmgcc/bin/../lib/gcc/arm-none-eabi/4.8.3/../../../../arm-none-eabi/lib/armv7e-m/fpu\libc.a(lib_a-mlock.o)
 .debug_frame   0x00003d88       0x2c c:/coide/stmgcc/bin/../lib/gcc/arm-none-eabi/4.8.3/../../../../arm-none-eabi/lib/armv7e-m/fpu\libc.a(lib_a-sbrkr.o)
 .debug_frame   0x00003db4       0x48 c:/coide/stmgcc/bin/../lib/gcc/arm-none-eabi/4.8.3/../../../../arm-none-eabi/lib/armv7e-m/fpu\libc.a(lib_a-__call_atexit.o)
 .debug_frame   0x00003dfc       0x20 c:/coide/stmgcc/bin/../lib/gcc/arm-none-eabi/4.8.3/../../../../arm-none-eabi/lib/armv7e-m/fpu\libc.a(lib_a-atexit.o)
 .debug_frame   0x00003e1c       0x2c c:/coide/stmgcc/bin/../lib/gcc/arm-none-eabi/4.8.3/../../../../arm-none-eabi/lib/armv7e-m/fpu\libc.a(lib_a-fini.o)
 .debug_frame   0x00003e48       0x50 c:/coide/stmgcc/bin/../lib/gcc/arm-none-eabi/4.8.3/../../../../arm-none-eabi/lib/armv7e-m/fpu\libc.a(lib_a-freer.o)
 .debug_frame   0x00003e98       0x48 c:/coide/stmgcc/bin/../lib/gcc/arm-none-eabi/4.8.3/../../../../arm-none-eabi/lib/armv7e-m/fpu\libc.a(lib_a-reent.o)
 .debug_frame   0x00003ee0       0x30 c:/coide/stmgcc/bin/../lib/gcc/arm-none-eabi/4.8.3/../../../../arm-none-eabi/lib/armv7e-m/fpu\libc.a(lib_a-__atexit.o)
